Archive member included to satisfy reference by file (symbol)

.\CortexM3\ARM_GCC_541\Debug\ZumoBot.a(PWM.o)
                              .\CortexM3\ARM_GCC_541\Debug\Motor.o (PWM_Stop)
.\CortexM3\ARM_GCC_541\Debug\ZumoBot.a(I2C.o)
                              .\CortexM3\ARM_GCC_541\Debug\Nunchuk.o (I2C_Start)
.\CortexM3\ARM_GCC_541\Debug\ZumoBot.a(I2C_INT.o)
                              .\CortexM3\ARM_GCC_541\Debug\ZumoBot.a(I2C.o) (I2C_ISR)
.\CortexM3\ARM_GCC_541\Debug\ZumoBot.a(I2C_PM.o)
                              .\CortexM3\ARM_GCC_541\Debug\ZumoBot.a(I2C.o) (I2C_backup)
.\CortexM3\ARM_GCC_541\Debug\ZumoBot.a(I2C_MASTER.o)
                              .\CortexM3\ARM_GCC_541\Debug\I2C_made.o (I2C_MasterWriteBuf)
.\CortexM3\ARM_GCC_541\Debug\ZumoBot.a(CyLib.o)
                              .\CortexM3\ARM_GCC_541\Debug\Cm3Start.o (CyHalt)
.\CortexM3\ARM_GCC_541\Debug\ZumoBot.a(cyPm.o)
                              .\CortexM3\ARM_GCC_541\Debug\ZumoBot.a(CyLib.o) (CyPmReadStatus)
.\CortexM3\ARM_GCC_541\Debug\ZumoBot.a(MotorDirLeft.o)
                              .\CortexM3\ARM_GCC_541\Debug\Motor.o (MotorDirLeft_Write)
.\CortexM3\ARM_GCC_541\Debug\ZumoBot.a(MotorDirRight.o)
                              .\CortexM3\ARM_GCC_541\Debug\Motor.o (MotorDirRight_Write)
.\CortexM3\ARM_GCC_541\Debug\ZumoBot.a(sensor_isr.o)
                              .\CortexM3\ARM_GCC_541\Debug\Reflectance.o (sensor_isr_StartEx)
.\CortexM3\ARM_GCC_541\Debug\ZumoBot.a(UART_1.o)
                              .\CortexM3\ARM_GCC_541\Debug\main.o (UART_1_Start)
.\CortexM3\ARM_GCC_541\Debug\ZumoBot.a(ADC_Battery.o)
                              .\CortexM3\ARM_GCC_541\Debug\main.o (ADC_Battery_Start)
.\CortexM3\ARM_GCC_541\Debug\ZumoBot.a(ADC_Battery_INT.o)
                              .\CortexM3\ARM_GCC_541\Debug\ZumoBot.a(ADC_Battery.o) (ADC_Battery_ISR)
.\CortexM3\ARM_GCC_541\Debug\ZumoBot.a(BatteryLed.o)
                              .\CortexM3\ARM_GCC_541\Debug\main.o (BatteryLed_Write)
.\CortexM3\ARM_GCC_541\Debug\ZumoBot.a(IR_receiver.o)
                              .\CortexM3\ARM_GCC_541\Debug\IR.o (IR_receiver_Read)
.\CortexM3\ARM_GCC_541\Debug\ZumoBot.a(Trig.o)
                              .\CortexM3\ARM_GCC_541\Debug\Ultra.o (Trig_Write)
.\CortexM3\ARM_GCC_541\Debug\ZumoBot.a(Timer.o)
                              .\CortexM3\ARM_GCC_541\Debug\Ultra.o (Timer_Stop)
.\CortexM3\ARM_GCC_541\Debug\ZumoBot.a(Echo.o)
                              .\CortexM3\ARM_GCC_541\Debug\Ultra.o (Echo_Read)
.\CortexM3\ARM_GCC_541\Debug\ZumoBot.a(ultra_isr.o)
                              .\CortexM3\ARM_GCC_541\Debug\Ultra.o (ultra_isr_StartEx)
.\CortexM3\ARM_GCC_541\Debug\ZumoBot.a(UART_1_IntClock.o)
                              .\CortexM3\ARM_GCC_541\Debug\ZumoBot.a(UART_1.o) (UART_1_IntClock_Start)
.\CortexM3\ARM_GCC_541\Debug\ZumoBot.a(ADC_Battery_theACLK.o)
                              .\CortexM3\ARM_GCC_541\Debug\ZumoBot.a(ADC_Battery.o) (ADC_Battery_theACLK_SetModeRegister)
.\CortexM3\ARM_GCC_541\Debug\ZumoBot.a(Buzzer_PWM.o)
                              .\CortexM3\ARM_GCC_541\Debug\Beep.o (Buzzer_PWM_Stop)
.\CortexM3\ARM_GCC_541\Debug\ZumoBot.a(L3.o)
                              .\CortexM3\ARM_GCC_541\Debug\Reflectance.o (L3_Write)
.\CortexM3\ARM_GCC_541\Debug\ZumoBot.a(Timer_L3.o)
                              .\CortexM3\ARM_GCC_541\Debug\Reflectance.o (Timer_L3_ReadStatusRegister)
.\CortexM3\ARM_GCC_541\Debug\ZumoBot.a(Timer_R3.o)
                              .\CortexM3\ARM_GCC_541\Debug\Reflectance.o (Timer_R3_ReadStatusRegister)
.\CortexM3\ARM_GCC_541\Debug\ZumoBot.a(Timer_R1.o)
                              .\CortexM3\ARM_GCC_541\Debug\Reflectance.o (Timer_R1_ReadStatusRegister)
.\CortexM3\ARM_GCC_541\Debug\ZumoBot.a(R1.o)
                              .\CortexM3\ARM_GCC_541\Debug\Reflectance.o (R1_Write)
.\CortexM3\ARM_GCC_541\Debug\ZumoBot.a(R3.o)
                              .\CortexM3\ARM_GCC_541\Debug\Reflectance.o (R3_Write)
.\CortexM3\ARM_GCC_541\Debug\ZumoBot.a(Timer_L1.o)
                              .\CortexM3\ARM_GCC_541\Debug\Reflectance.o (Timer_L1_ReadStatusRegister)
.\CortexM3\ARM_GCC_541\Debug\ZumoBot.a(L1.o)
                              .\CortexM3\ARM_GCC_541\Debug\Reflectance.o (L1_Write)
.\CortexM3\ARM_GCC_541\Debug\ZumoBot.a(SW1.o)
                              .\CortexM3\ARM_GCC_541\Debug\main.o (SW1_Read)
.\CortexM3\ARM_GCC_541\Debug\ZumoBot.a(CyBootAsmGnu.o)
                              .\CortexM3\ARM_GCC_541\Debug\cyfitter_cfg.o (CyDelayCycles)
.\CortexM3\ARM_GCC_541\Debug\ZumoBot.a(CyFlash.o)
                              .\CortexM3\ARM_GCC_541\Debug\ZumoBot.a(cyPm.o) (CyFlash_SetWaitCycles)
.\CortexM3\ARM_GCC_541\Debug\ZumoBot.a(CySpc.o)
                              .\CortexM3\ARM_GCC_541\Debug\ZumoBot.a(CyFlash.o) (CySpcStart)
[...]
Memory Configuration

Name             Origin             Length             Attributes
rom              0x00000000         0x00040000         xr
ram              0x1fff8000         0x00010000         xrw
*default*        0x00000000         0xffffffff

Linker script and memory map

LOAD d:/koulu/laitteet/psoc/psoc creator/4.1/psoc creator/import/gnu/arm/5.4.1/bin/../lib/gcc/arm-none-eabi/5.4.1/armv7-m/crti.o
LOAD d:/koulu/laitteet/psoc/psoc creator/4.1/psoc creator/import/gnu/arm/5.4.1/bin/../lib/gcc/arm-none-eabi/5.4.1/armv7-m/crtbegin.o
LOAD d:/koulu/laitteet/psoc/psoc creator/4.1/psoc creator/import/gnu/arm/5.4.1/bin/../lib/gcc/arm-none-eabi/5.4.1/../../../../arm-none-eabi/lib/armv7-m/crt0.o
START GROUP
LOAD .\CortexM3\ARM_GCC_541\Debug\main.o
LOAD .\CortexM3\ARM_GCC_541\Debug\Accel.o
LOAD .\CortexM3\ARM_GCC_541\Debug\Ambient.o
LOAD .\CortexM3\ARM_GCC_541\Debug\Gyro.o
LOAD .\CortexM3\ARM_GCC_541\Debug\I2C_made.o
LOAD .\CortexM3\ARM_GCC_541\Debug\IR.o
LOAD .\CortexM3\ARM_GCC_541\Debug\Magnet.o
LOAD .\CortexM3\ARM_GCC_541\Debug\Motor.o
LOAD .\CortexM3\ARM_GCC_541\Debug\Nunchuk.o
LOAD .\CortexM3\ARM_GCC_541\Debug\Reflectance.o
LOAD .\CortexM3\ARM_GCC_541\Debug\Ultra.o
LOAD .\CortexM3\ARM_GCC_541\Debug\Beep.o
LOAD .\CortexM3\ARM_GCC_541\Debug\Drive.o
LOAD .\CortexM3\ARM_GCC_541\Debug\cyfitter_cfg.o
LOAD .\CortexM3\ARM_GCC_541\Debug\cymetadata.o
LOAD .\CortexM3\ARM_GCC_541\Debug\Cm3Start.o
LOAD .\CortexM3\ARM_GCC_541\Debug\ZumoBot.a
LOAD D:\koulu\Laitteet\PsoC\PSoC Creator\4.1\PSoC Creator\psoc\content\cycomponentlibrary\CyComponentLibrary.cylib\CortexM3\ARM_GCC_541\Debug\CyComponentLibrary.a
LOAD d:/koulu/laitteet/psoc/psoc creator/4.1/psoc creator/import/gnu/arm/5.4.1/bin/../lib/gcc/arm-none-eabi/5.4.1/../../../../arm-none-eabi/lib/armv7-m\libm.a
END GROUP
START GROUP
LOAD d:/koulu/laitteet/psoc/psoc creator/4.1/psoc creator/import/gnu/arm/5.4.1/bin/../lib/gcc/arm-none-eabi/5.4.1/armv7-m\libgcc.a
LOAD d:/koulu/laitteet/psoc/psoc creator/4.1/psoc creator/import/gnu/arm/5.4.1/bin/../lib/gcc/arm-none-eabi/5.4.1/../../../../arm-none-eabi/lib/armv7-m\libg.a
LOAD d:/koulu/laitteet/psoc/psoc creator/4.1/psoc creator/import/gnu/arm/5.4.1/bin/../lib/gcc/arm-none-eabi/5.4.1/../../../../arm-none-eabi/lib/armv7-m\libc.a
END GROUP
LOAD d:/koulu/laitteet/psoc/psoc creator/4.1/psoc creator/import/gnu/arm/5.4.1/bin/../lib/gcc/arm-none-eabi/5.4.1/armv7-m/crtend.o
LOAD d:/koulu/laitteet/psoc/psoc creator/4.1/psoc creator/import/gnu/arm/5.4.1/bin/../lib/gcc/arm-none-eabi/5.4.1/armv7-m/crtn.o
START GROUP
LOAD d:/koulu/laitteet/psoc/psoc creator/4.1/psoc creator/import/gnu/arm/5.4.1/bin/../lib/gcc/arm-none-eabi/5.4.1/armv7-m\libgcc.a
LOAD d:/koulu/laitteet/psoc/psoc creator/4.1/psoc creator/import/gnu/arm/5.4.1/bin/../lib/gcc/arm-none-eabi/5.4.1/../../../../arm-none-eabi/lib/armv7-m\libc.a
LOAD d:/koulu/laitteet/psoc/psoc creator/4.1/psoc creator/import/gnu/arm/5.4.1/bin/../lib/gcc/arm-none-eabi/5.4.1/../../../../arm-none-eabi/lib/armv7-m\libnosys.a
END GROUP
                0x00000000                CY_APPL_ORIGIN = 0x0
                0x00000100                CY_FLASH_ROW_SIZE = 0x100
                0x00000020                CY_ECC_ROW_SIZE = 0x20
                0x00000000                CY_EE_IN_BTLDR = 0x0
                0x00000000                CY_APPL_LOADABLE = 0x0
                0x00000800                CY_EE_SIZE = 0x800
                0x00000001                CY_APPL_NUM = 0x1
                0x00000001                CY_APPL_MAX = 0x1
                0x00000040                CY_METADATA_SIZE = 0x40
                0x00000000                CY_APPL_LOADABLE = 0x0
                0x00000000                CY_CHECKSUM_EXCLUDE_SIZE = ALIGN (0x0, CY_FLASH_ROW_SIZE)
                [!provide]                PROVIDE (__cy_heap_start, _end)
                0x00000001                PROVIDE (__cy_region_num, ((__cy_regions_end - __cy_regions) / 0x10))
                0x20008000                PROVIDE (__cy_stack, (ORIGIN (ram) + LENGTH (ram)))
                [!provide]                PROVIDE (__cy_heap_end, (__cy_stack - 0x800))

.cybootloader   0x00000000        0x0
 *(.cybootloader)
                0x00000000                appl1_start = CY_APPL_ORIGIN?CY_APPL_ORIGIN:ALIGN (CY_FLASH_ROW_SIZE)
                0x0001ff00                appl2_start = (appl1_start + ALIGN ((((LENGTH (rom) - appl1_start) - (0x2 * CY_FLASH_ROW_SIZE)) / 0x2), CY_FLASH_ROW_SIZE))
                0x00000000                appl_start = (CY_APPL_NUM == 0x1)?appl1_start:appl2_start
                0x00000000                ecc_offset = ((appl_start / CY_FLASH_ROW_SIZE) * CY_ECC_ROW_SIZE)
                0x00000000                ee_offset = (CY_APPL_LOADABLE && ! (CY_EE_IN_BTLDR))?((CY_EE_SIZE / CY_APPL_MAX) * (CY_APPL_NUM - 0x1)):0x0
                0x00000800                ee_size = (CY_APPL_LOADABLE && ! (CY_EE_IN_BTLDR))?(CY_EE_SIZE / CY_APPL_MAX):CY_EE_SIZE
                [!provide]                PROVIDE (CY_ECC_OFFSET, ecc_offset)

.text           0x00000000     0x24f0
 CREATE_OBJECT_SYMBOLS
                0x00000000                PROVIDE (__cy_interrupt_vector, RomVectors)
 *(.romvectors)
 .romvectors    0x00000000       0x10 .\CortexM3\ARM_GCC_541\Debug\Cm3Start.o
                0x00000000                RomVectors
                0x00000001                ASSERT ((. != __cy_interrupt_vector), No interrupt vector)
                0x00000001                ASSERT (CY_APPL_ORIGIN?(SIZEOF (.cybootloader) <= CY_APPL_ORIGIN):0x1, Wrong image location)
                0x00000010                PROVIDE (__cy_reset, Reset)
 *(.text.Reset)
 .text.Reset    0x00000010       0x18 .\CortexM3\ARM_GCC_541\Debug\Cm3Start.o
                0x00000010                Reset
                0x00000001                ASSERT ((. != __cy_reset), No reset code)
 *(.dma_init)
                0x00000001                ASSERT ((((appl_start + .) <= 0x10000) || 0x1), DMA Init must be within the first 64k of flash)
 *(.text .text.* .gnu.linkonce.t.*)
 .text          0x00000028       0x5c d:/koulu/laitteet/psoc/psoc creator/4.1/psoc creator/import/gnu/arm/5.4.1/bin/../lib/gcc/arm-none-eabi/5.4.1/armv7-m/crtbegin.o
 .text.main     0x00000084       0x74 .\CortexM3\ARM_GCC_541\Debug\main.o
                0x00000084                main
 .text._write   0x000000f8       0x2c .\CortexM3\ARM_GCC_541\Debug\main.o
                0x000000f8                _write
 .text._read    0x00000124       0x38 .\CortexM3\ARM_GCC_541\Debug\main.o
                0x00000124                _read
 .text.motor_start
                0x0000015c        0x8 .\CortexM3\ARM_GCC_541\Debug\Motor.o
                0x0000015c                motor_start
 .text.motor_sharp_turn
                0x00000164       0x28 .\CortexM3\ARM_GCC_541\Debug\Motor.o
                0x00000164                motor_sharp_turn
 .text.reflectance_digital
                0x0000018c       0x6c .\CortexM3\ARM_GCC_541\Debug\Reflectance.o
                0x0000018c                reflectance_digital
 .text.CyClockStartupError
                0x000001f8        0x4 .\CortexM3\ARM_GCC_541\Debug\cyfitter_cfg.o
 .text.cfg_write_bytes32
                0x000001fc       0x34 .\CortexM3\ARM_GCC_541\Debug\cyfitter_cfg.o
 .text.CYMEMZERO
                0x00000230        0xc .\CortexM3\ARM_GCC_541\Debug\cyfitter_cfg.o
 .text.ClockSetup
                0x0000023c       0xf0 .\CortexM3\ARM_GCC_541\Debug\cyfitter_cfg.o
 .text.AnalogSetDefault
                0x0000032c       0x80 .\CortexM3\ARM_GCC_541\Debug\cyfitter_cfg.o
 .text.CYCONFIGCPY
                0x000003ac        0x8 .\CortexM3\ARM_GCC_541\Debug\cyfitter_cfg.o
 .text.cyfitter_cfg
                0x000003b4      0x144 .\CortexM3\ARM_GCC_541\Debug\cyfitter_cfg.o
                0x000003b4                cyfitter_cfg
 .text.IntDefaultHandler
                0x000004f8       0x10 .\CortexM3\ARM_GCC_541\Debug\Cm3Start.o
                0x000004f8                IntDefaultHandler
 .text._sbrk    0x00000508       0x30 .\CortexM3\ARM_GCC_541\Debug\Cm3Start.o
                0x00000508                _sbrk
 .text.Start_c  0x00000538       0x4c .\CortexM3\ARM_GCC_541\Debug\Cm3Start.o
                0x00000538                Start_c
 .text.initialize_psoc
                0x00000584       0x68 .\CortexM3\ARM_GCC_541\Debug\Cm3Start.o
                0x00000584                initialize_psoc
 .text.PWM_Enable
                0x000005ec       0x10 .\CortexM3\ARM_GCC_541\Debug\ZumoBot.a(PWM.o)
                0x000005ec                PWM_Enable
 .text.PWM_WriteCounter
                0x000005fc        0xc .\CortexM3\ARM_GCC_541\Debug\ZumoBot.a(PWM.o)
                0x000005fc                PWM_WriteCounter
 .text.PWM_WritePeriod
                0x00000608        0xc .\CortexM3\ARM_GCC_541\Debug\ZumoBot.a(PWM.o)
                0x00000608                PWM_WritePeriod
 .text.PWM_WriteCompare1
                0x00000614        0xc .\CortexM3\ARM_GCC_541\Debug\ZumoBot.a(PWM.o)
                0x00000614                PWM_WriteCompare1
 .text.PWM_WriteCompare2
                0x00000620        0xc .\CortexM3\ARM_GCC_541\Debug\ZumoBot.a(PWM.o)
                0x00000620                PWM_WriteCompare2
 .text.PWM_SetInterruptMode
                0x0000062c        0xc .\CortexM3\ARM_GCC_541\Debug\ZumoBot.a(PWM.o)
                0x0000062c                PWM_SetInterruptMode
 .text.PWM_ReadStatusRegister
                0x00000638        0xc .\CortexM3\ARM_GCC_541\Debug\ZumoBot.a(PWM.o)
                0x00000638                PWM_ReadStatusRegister
 .text.PWM_ReadCapture
                0x00000644        0xc .\CortexM3\ARM_GCC_541\Debug\ZumoBot.a(PWM.o)
                0x00000644                PWM_ReadCapture
 .text.PWM_ClearFIFO
                0x00000650       0x14 .\CortexM3\ARM_GCC_541\Debug\ZumoBot.a(PWM.o)
                0x00000650                PWM_ClearFIFO
 .text.PWM_Init
                0x00000664       0x58 .\CortexM3\ARM_GCC_541\Debug\ZumoBot.a(PWM.o)
                0x00000664                PWM_Init
 .text.PWM_Start
                0x000006bc       0x1c .\CortexM3\ARM_GCC_541\Debug\ZumoBot.a(PWM.o)
                0x000006bc                PWM_Start
 .text.CyHalt   0x000006d8        0x4 .\CortexM3\ARM_GCC_541\Debug\ZumoBot.a(CyLib.o)
                0x000006d8                CyHalt
 .text.CyDelay  0x000006dc       0x2c .\CortexM3\ARM_GCC_541\Debug\ZumoBot.a(CyLib.o)
                0x000006dc                CyDelay
 .text.CyDelayUs
                0x00000708       0x14 .\CortexM3\ARM_GCC_541\Debug\ZumoBot.a(CyLib.o)
                0x00000708                CyDelayUs
 .text.CyIntSetVector
                0x0000071c       0x28 .\CortexM3\ARM_GCC_541\Debug\ZumoBot.a(CyLib.o)
                0x0000071c                CyIntSetVector
 .text.CyIntSetPriority
                0x00000744       0x30 .\CortexM3\ARM_GCC_541\Debug\ZumoBot.a(CyLib.o)
                0x00000744                CyIntSetPriority
 .text.MotorDirLeft_Write
                0x00000774       0x18 .\CortexM3\ARM_GCC_541\Debug\ZumoBot.a(MotorDirLeft.o)
                0x00000774                MotorDirLeft_Write
 .text.MotorDirRight_Write
                0x0000078c       0x18 .\CortexM3\ARM_GCC_541\Debug\ZumoBot.a(MotorDirRight.o)
                0x0000078c                MotorDirRight_Write
 .text.UART_1_Init
                0x000007a4       0x28 .\CortexM3\ARM_GCC_541\Debug\ZumoBot.a(UART_1.o)
                0x000007a4                UART_1_Init
 .text.UART_1_Enable
                0x000007cc       0x38 .\CortexM3\ARM_GCC_541\Debug\ZumoBot.a(UART_1.o)
                0x000007cc                UART_1_Enable
 .text.UART_1_Start
                0x00000804       0x1c .\CortexM3\ARM_GCC_541\Debug\ZumoBot.a(UART_1.o)
                0x00000804                UART_1_Start
 .text.UART_1_GetChar
                0x00000820       0x2c .\CortexM3\ARM_GCC_541\Debug\ZumoBot.a(UART_1.o)
                0x00000820                UART_1_GetChar
 .text.UART_1_PutChar
                0x0000084c       0x18 .\CortexM3\ARM_GCC_541\Debug\ZumoBot.a(UART_1.o)
                0x0000084c                UART_1_PutChar
 .text.ADC_Battery_CalcGain
                0x00000864       0x64 .\CortexM3\ARM_GCC_541\Debug\ZumoBot.a(ADC_Battery.o)
 .text.ADC_Battery_Enable
                0x000008c8       0x94 .\CortexM3\ARM_GCC_541\Debug\ZumoBot.a(ADC_Battery.o)
                0x000008c8                ADC_Battery_Enable
 .text.ADC_Battery_SetResolution
                0x0000095c       0x38 .\CortexM3\ARM_GCC_541\Debug\ZumoBot.a(ADC_Battery.o)
                0x0000095c                ADC_Battery_SetResolution
 .text.ADC_Battery_Init
                0x00000994       0x3c .\CortexM3\ARM_GCC_541\Debug\ZumoBot.a(ADC_Battery.o)
                0x00000994                ADC_Battery_Init
 .text.ADC_Battery_Start
                0x000009d0       0x1c .\CortexM3\ARM_GCC_541\Debug\ZumoBot.a(ADC_Battery.o)
                0x000009d0                ADC_Battery_Start
 .text.ADC_Battery_ISR
                0x000009ec        0x4 .\CortexM3\ARM_GCC_541\Debug\ZumoBot.a(ADC_Battery_INT.o)
                0x000009ec                ADC_Battery_ISR
 .text.BatteryLed_Write
                0x000009f0       0x18 .\CortexM3\ARM_GCC_541\Debug\ZumoBot.a(BatteryLed.o)
                0x000009f0                BatteryLed_Write
 .text.UART_1_IntClock_Start
                0x00000a08       0x1c .\CortexM3\ARM_GCC_541\Debug\ZumoBot.a(UART_1_IntClock.o)
                0x00000a08                UART_1_IntClock_Start
 .text.ADC_Battery_theACLK_SetModeRegister
                0x00000a24       0x14 .\CortexM3\ARM_GCC_541\Debug\ZumoBot.a(ADC_Battery_theACLK.o)
                0x00000a24                ADC_Battery_theACLK_SetModeRegister
 .text.SW1_Read
                0x00000a38       0x10 .\CortexM3\ARM_GCC_541\Debug\ZumoBot.a(SW1.o)
                0x00000a38                SW1_Read
 .text          0x00000a48       0x20 .\CortexM3\ARM_GCC_541\Debug\ZumoBot.a(CyBootAsmGnu.o)
                0x00000a48                CyDelayCycles
                0x00000a58                CyEnterCriticalSection
                0x00000a60                CyExitCriticalSection
 .text.__errno  0x00000a68        0xc d:/koulu/laitteet/psoc/psoc creator/4.1/psoc creator/import/gnu/arm/5.4.1/bin/../lib/gcc/arm-none-eabi/5.4.1/../../../../arm-none-eabi/lib/armv7-m\libg.a(lib_a-errno.o)
                0x00000a68                __errno
 .text.__libc_init_array
                0x00000a74       0x50 d:/koulu/laitteet/psoc/psoc creator/4.1/psoc creator/import/gnu/arm/5.4.1/bin/../lib/gcc/arm-none-eabi/5.4.1/../../../../arm-none-eabi/lib/armv7-m\libg.a(lib_a-init.o)
                0x00000a74                __libc_init_array
 .text          0x00000ac4       0xec d:/koulu/laitteet/psoc/psoc creator/4.1/psoc creator/import/gnu/arm/5.4.1/bin/../lib/gcc/arm-none-eabi/5.4.1/../../../../arm-none-eabi/lib/armv7-m\libg.a(lib_a-memcpy.o)
                0x00000ac4                memcpy
 .text.memset   0x00000bb0       0x9c d:/koulu/laitteet/psoc/psoc creator/4.1/psoc creator/import/gnu/arm/5.4.1/bin/../lib/gcc/arm-none-eabi/5.4.1/../../../../arm-none-eabi/lib/armv7-m\libg.a(lib_a-memset.o)
                0x00000bb0                memset
 .text._puts_r  0x00000c4c       0x68 d:/koulu/laitteet/psoc/psoc creator/4.1/psoc creator/import/gnu/arm/5.4.1/bin/../lib/gcc/arm-none-eabi/5.4.1/../../../../arm-none-eabi/lib/armv7-m\libg.a(lib_a-puts.o)
                0x00000c4c                _puts_r
 .text.puts     0x00000cb4       0x10 d:/koulu/laitteet/psoc/psoc creator/4.1/psoc creator/import/gnu/arm/5.4.1/bin/../lib/gcc/arm-none-eabi/5.4.1/../../../../arm-none-eabi/lib/armv7-m\libg.a(lib_a-puts.o)
                0x00000cb4                puts
 .text.strlen   0x00000cc4       0x5c d:/koulu/laitteet/psoc/psoc creator/4.1/psoc creator/import/gnu/arm/5.4.1/bin/../lib/gcc/arm-none-eabi/5.4.1/../../../../arm-none-eabi/lib/armv7-m\libg.a(lib_a-strlen-stub.o)
                0x00000cc4                strlen
 .text.__swsetup_r
                0x00000d20       0xc8 d:/koulu/laitteet/psoc/psoc creator/4.1/psoc creator/import/gnu/arm/5.4.1/bin/../lib/gcc/arm-none-eabi/5.4.1/../../../../arm-none-eabi/lib/armv7-m\libg.a(lib_a-wsetup.o)
                0x00000d20                __swsetup_r
 .text.startup.register_fini
                0x00000de8       0x14 d:/koulu/laitteet/psoc/psoc creator/4.1/psoc creator/import/gnu/arm/5.4.1/bin/../lib/gcc/arm-none-eabi/5.4.1/../../../../arm-none-eabi/lib/armv7-m\libg.a(lib_a-__call_atexit.o)
 .text.atexit   0x00000dfc        0xc d:/koulu/laitteet/psoc/psoc creator/4.1/psoc creator/import/gnu/arm/5.4.1/bin/../lib/gcc/arm-none-eabi/5.4.1/../../../../arm-none-eabi/lib/armv7-m\libg.a(lib_a-atexit.o)
                0x00000dfc                atexit
 .text.__sflush_r
                0x00000e08      0x148 d:/koulu/laitteet/psoc/psoc creator/4.1/psoc creator/import/gnu/arm/5.4.1/bin/../lib/gcc/arm-none-eabi/5.4.1/../../../../arm-none-eabi/lib/armv7-m\libg.a(lib_a-fflush.o)
                0x00000e08                __sflush_r
 .text._fflush_r
                0x00000f50       0x2c d:/koulu/laitteet/psoc/psoc creator/4.1/psoc creator/import/gnu/arm/5.4.1/bin/../lib/gcc/arm-none-eabi/5.4.1/../../../../arm-none-eabi/lib/armv7-m\libg.a(lib_a-fflush.o)
                0x00000f50                _fflush_r
 .text._cleanup_r
                0x00000f7c        0xc d:/koulu/laitteet/psoc/psoc creator/4.1/psoc creator/import/gnu/arm/5.4.1/bin/../lib/gcc/arm-none-eabi/5.4.1/../../../../arm-none-eabi/lib/armv7-m\libg.a(lib_a-findfp.o)
                0x00000f7c                _cleanup_r
 .text.__sinit.part.1
                0x00000f88       0xf0 d:/koulu/laitteet/psoc/psoc creator/4.1/psoc creator/import/gnu/arm/5.4.1/bin/../lib/gcc/arm-none-eabi/5.4.1/../../../../arm-none-eabi/lib/armv7-m\libg.a(lib_a-findfp.o)
 .text.__sinit  0x00001078        0xc d:/koulu/laitteet/psoc/psoc creator/4.1/psoc creator/import/gnu/arm/5.4.1/bin/../lib/gcc/arm-none-eabi/5.4.1/../../../../arm-none-eabi/lib/armv7-m\libg.a(lib_a-findfp.o)
                0x00001078                __sinit
 .text.__sfp_lock_acquire
                0x00001084        0x4 d:/koulu/laitteet/psoc/psoc creator/4.1/psoc creator/import/gnu/arm/5.4.1/bin/../lib/gcc/arm-none-eabi/5.4.1/../../../../arm-none-eabi/lib/armv7-m\libg.a(lib_a-findfp.o)
                0x00001084                __sfp_lock_acquire
 .text.__sfp_lock_release
                0x00001088        0x4 d:/koulu/laitteet/psoc/psoc creator/4.1/psoc creator/import/gnu/arm/5.4.1/bin/../lib/gcc/arm-none-eabi/5.4.1/../../../../arm-none-eabi/lib/armv7-m\libg.a(lib_a-findfp.o)
                0x00001088                __sfp_lock_release
 .text.__libc_fini_array
                0x0000108c       0x28 d:/koulu/laitteet/psoc/psoc creator/4.1/psoc creator/import/gnu/arm/5.4.1/bin/../lib/gcc/arm-none-eabi/5.4.1/../../../../arm-none-eabi/lib/armv7-m\libg.a(lib_a-fini.o)
                0x0000108c                __libc_fini_array
 .text._malloc_trim_r
                0x000010b4       0x9c d:/koulu/laitteet/psoc/psoc creator/4.1/psoc creator/import/gnu/arm/5.4.1/bin/../lib/gcc/arm-none-eabi/5.4.1/../../../../arm-none-eabi/lib/armv7-m\libg.a(lib_a-freer.o)
                0x000010b4                _malloc_trim_r
 .text._free_r  0x00001150      0x1d0 d:/koulu/laitteet/psoc/psoc creator/4.1/psoc creator/import/gnu/arm/5.4.1/bin/../lib/gcc/arm-none-eabi/5.4.1/../../../../arm-none-eabi/lib/armv7-m\libg.a(lib_a-freer.o)
                0x00001150                _free_r
 .text.__sfvwrite_r
                0x00001320      0x308 d:/koulu/laitteet/psoc/psoc creator/4.1/psoc creator/import/gnu/arm/5.4.1/bin/../lib/gcc/arm-none-eabi/5.4.1/../../../../arm-none-eabi/lib/armv7-m\libg.a(lib_a-fvwrite.o)
                0x00001320                __sfvwrite_r
 .text._fwalk_reent
                0x00001628       0x50 d:/koulu/laitteet/psoc/psoc creator/4.1/psoc creator/import/gnu/arm/5.4.1/bin/../lib/gcc/arm-none-eabi/5.4.1/../../../../arm-none-eabi/lib/armv7-m\libg.a(lib_a-fwalk.o)
                0x00001628                _fwalk_reent
 .text.__swhatbuf_r
                0x00001678       0x60 d:/koulu/laitteet/psoc/psoc creator/4.1/psoc creator/import/gnu/arm/5.4.1/bin/../lib/gcc/arm-none-eabi/5.4.1/../../../../arm-none-eabi/lib/armv7-m\libg.a(lib_a-makebuf.o)
                0x00001678                __swhatbuf_r
 .text.__smakebuf_r
                0x000016d8       0x88 d:/koulu/laitteet/psoc/psoc creator/4.1/psoc creator/import/gnu/arm/5.4.1/bin/../lib/gcc/arm-none-eabi/5.4.1/../../../../arm-none-eabi/lib/armv7-m\libg.a(lib_a-makebuf.o)
                0x000016d8                __smakebuf_r
 .text._malloc_r
                0x00001760      0x558 d:/koulu/laitteet/psoc/psoc creator/4.1/psoc creator/import/gnu/arm/5.4.1/bin/../lib/gcc/arm-none-eabi/5.4.1/../../../../arm-none-eabi/lib/armv7-m\libg.a(lib_a-mallocr.o)
                0x00001760                _malloc_r
 .text.memchr   0x00001cb8       0x8c d:/koulu/laitteet/psoc/psoc creator/4.1/psoc creator/import/gnu/arm/5.4.1/bin/../lib/gcc/arm-none-eabi/5.4.1/../../../../arm-none-eabi/lib/armv7-m\libg.a(lib_a-memchr-stub.o)
                0x00001cb8                memchr
 .text.memmove  0x00001d44       0xc8 d:/koulu/laitteet/psoc/psoc creator/4.1/psoc creator/import/gnu/arm/5.4.1/bin/../lib/gcc/arm-none-eabi/5.4.1/../../../../arm-none-eabi/lib/armv7-m\libg.a(lib_a-memmove.o)
                0x00001d44                memmove
 .text.__malloc_lock
                0x00001e0c        0x4 d:/koulu/laitteet/psoc/psoc creator/4.1/psoc creator/import/gnu/arm/5.4.1/bin/../lib/gcc/arm-none-eabi/5.4.1/../../../../arm-none-eabi/lib/armv7-m\libg.a(lib_a-mlock.o)
                0x00001e0c                __malloc_lock
 .text.__malloc_unlock
                0x00001e10        0x4 d:/koulu/laitteet/psoc/psoc creator/4.1/psoc creator/import/gnu/arm/5.4.1/bin/../lib/gcc/arm-none-eabi/5.4.1/../../../../arm-none-eabi/lib/armv7-m\libg.a(lib_a-mlock.o)
                0x00001e10                __malloc_unlock
 .text._realloc_r
                0x00001e14      0x3d4 d:/koulu/laitteet/psoc/psoc creator/4.1/psoc creator/import/gnu/arm/5.4.1/bin/../lib/gcc/arm-none-eabi/5.4.1/../../../../arm-none-eabi/lib/armv7-m\libg.a(lib_a-reallocr.o)
                0x00001e14                _realloc_r
 .text._sbrk_r  0x000021e8       0x24 d:/koulu/laitteet/psoc/psoc creator/4.1/psoc creator/import/gnu/arm/5.4.1/bin/../lib/gcc/arm-none-eabi/5.4.1/../../../../arm-none-eabi/lib/armv7-m\libg.a(lib_a-sbrkr.o)
                0x000021e8                _sbrk_r
 .text.__sread  0x0000220c       0x24 d:/koulu/laitteet/psoc/psoc creator/4.1/psoc creator/import/gnu/arm/5.4.1/bin/../lib/gcc/arm-none-eabi/5.4.1/../../../../arm-none-eabi/lib/armv7-m\libg.a(lib_a-stdio.o)
                0x0000220c                __sread
 .text.__swrite
                0x00002230       0x3c d:/koulu/laitteet/psoc/psoc creator/4.1/psoc creator/import/gnu/arm/5.4.1/bin/../lib/gcc/arm-none-eabi/5.4.1/../../../../arm-none-eabi/lib/armv7-m\libg.a(lib_a-stdio.o)
                0x00002230                __swrite
 .text.__sseek  0x0000226c       0x20 d:/koulu/laitteet/psoc/psoc creator/4.1/psoc creator/import/gnu/arm/5.4.1/bin/../lib/gcc/arm-none-eabi/5.4.1/../../../../arm-none-eabi/lib/armv7-m\libg.a(lib_a-stdio.o)
                0x0000226c                __sseek
 .text.__sclose
                0x0000228c        0x8 d:/koulu/laitteet/psoc/psoc creator/4.1/psoc creator/import/gnu/arm/5.4.1/bin/../lib/gcc/arm-none-eabi/5.4.1/../../../../arm-none-eabi/lib/armv7-m\libg.a(lib_a-stdio.o)
                0x0000228c                __sclose
 .text._write_r
                0x00002294       0x2c d:/koulu/laitteet/psoc/psoc creator/4.1/psoc creator/import/gnu/arm/5.4.1/bin/../lib/gcc/arm-none-eabi/5.4.1/../../../../arm-none-eabi/lib/armv7-m\libg.a(lib_a-writer.o)
                0x00002294                _write_r
 .text.__register_exitproc
                0x000022c0       0xa4 d:/koulu/laitteet/psoc/psoc creator/4.1/psoc creator/import/gnu/arm/5.4.1/bin/../lib/gcc/arm-none-eabi/5.4.1/../../../../arm-none-eabi/lib/armv7-m\libg.a(lib_a-__atexit.o)
                0x000022c0                __register_exitproc
 .text._close_r
                0x00002364       0x24 d:/koulu/laitteet/psoc/psoc creator/4.1/psoc creator/import/gnu/arm/5.4.1/bin/../lib/gcc/arm-none-eabi/5.4.1/../../../../arm-none-eabi/lib/armv7-m\libg.a(lib_a-closer.o)
                0x00002364                _close_r
 .text._fclose_r
                0x00002388       0x84 d:/koulu/laitteet/psoc/psoc creator/4.1/psoc creator/import/gnu/arm/5.4.1/bin/../lib/gcc/arm-none-eabi/5.4.1/../../../../arm-none-eabi/lib/armv7-m\libg.a(lib_a-fclose.o)
                0x00002388                _fclose_r
 .text._fstat_r
                0x0000240c       0x28 d:/koulu/laitteet/psoc/psoc creator/4.1/psoc creator/import/gnu/arm/5.4.1/bin/../lib/gcc/arm-none-eabi/5.4.1/../../../../arm-none-eabi/lib/armv7-m\libg.a(lib_a-fstatr.o)
                0x0000240c                _fstat_r
 .text._isatty_r
                0x00002434       0x24 d:/koulu/laitteet/psoc/psoc creator/4.1/psoc creator/import/gnu/arm/5.4.1/bin/../lib/gcc/arm-none-eabi/5.4.1/../../../../arm-none-eabi/lib/armv7-m\libg.a(lib_a-isattyr.o)
                0x00002434                _isatty_r
 .text._lseek_r
                0x00002458       0x2c d:/koulu/laitteet/psoc/psoc creator/4.1/psoc creator/import/gnu/arm/5.4.1/bin/../lib/gcc/arm-none-eabi/5.4.1/../../../../arm-none-eabi/lib/armv7-m\libg.a(lib_a-lseekr.o)
                0x00002458                _lseek_r
 .text._read_r  0x00002484       0x2c d:/koulu/laitteet/psoc/psoc creator/4.1/psoc creator/import/gnu/arm/5.4.1/bin/../lib/gcc/arm-none-eabi/5.4.1/../../../../arm-none-eabi/lib/armv7-m\libg.a(lib_a-readr.o)
                0x00002484                _read_r
 .text._close   0x000024b0       0x10 d:/koulu/laitteet/psoc/psoc creator/4.1/psoc creator/import/gnu/arm/5.4.1/bin/../lib/gcc/arm-none-eabi/5.4.1/../../../../arm-none-eabi/lib/armv7-m\libnosys.a(close.o)
                0x000024b0                _close
 .text._fstat   0x000024c0       0x10 d:/koulu/laitteet/psoc/psoc creator/4.1/psoc creator/import/gnu/arm/5.4.1/bin/../lib/gcc/arm-none-eabi/5.4.1/../../../../arm-none-eabi/lib/armv7-m\libnosys.a(fstat.o)
                0x000024c0                _fstat
 .text._isatty  0x000024d0       0x10 d:/koulu/laitteet/psoc/psoc creator/4.1/psoc creator/import/gnu/arm/5.4.1/bin/../lib/gcc/arm-none-eabi/5.4.1/../../../../arm-none-eabi/lib/armv7-m\libnosys.a(isatty.o)
                0x000024d0                _isatty
 .text._lseek   0x000024e0       0x10 d:/koulu/laitteet/psoc/psoc creator/4.1/psoc creator/import/gnu/arm/5.4.1/bin/../lib/gcc/arm-none-eabi/5.4.1/../../../../arm-none-eabi/lib/armv7-m\libnosys.a(lseek.o)
                0x000024e0                _lseek
 *(.plt)
 *(.gnu.warning)
 *(.glue_7t)
 .glue_7t       0x000024f0        0x0 linker stubs
 *(.glue_7)
 .glue_7        0x000024f0        0x0 linker stubs
 *(.vfp11_veneer)
 .vfp11_veneer  0x000024f0        0x0 linker stubs
 *(.bootloader)
 *(.ARM.extab* .gnu.linkonce.armextab.*)
 *(.gcc_except_table)

.v4_bx          0x000024f0        0x0
 .v4_bx         0x000024f0        0x0 linker stubs

.iplt           0x000024f0        0x0
 .iplt          0x000024f0        0x0 d:/koulu/laitteet/psoc/psoc creator/4.1/psoc creator/import/gnu/arm/5.4.1/bin/../lib/gcc/arm-none-eabi/5.4.1/armv7-m/crtbegin.o

.eh_frame_hdr
 *(.eh_frame_hdr)

.eh_frame       0x000024f0        0x4
 *(.eh_frame)
 .eh_frame      0x000024f0        0x0 d:/koulu/laitteet/psoc/psoc creator/4.1/psoc creator/import/gnu/arm/5.4.1/bin/../lib/gcc/arm-none-eabi/5.4.1/armv7-m/crtbegin.o
 .eh_frame      0x000024f0        0x4 d:/koulu/laitteet/psoc/psoc creator/4.1/psoc creator/import/gnu/arm/5.4.1/bin/../lib/gcc/arm-none-eabi/5.4.1/armv7-m/crtend.o
                [!provide]                PROVIDE (__exidx_start, .)

.ARM.exidx
 *(.ARM.exidx* .gnu.linkonce.armexidx.*)
                0x000024f4                __exidx_end = .

.rodata         0x000024f4       0x94
 *(.rodata .rodata.* .gnu.linkonce.r.*)
 .rodata.str1.4
                0x000024f4       0x10 .\CortexM3\ARM_GCC_541\Debug\main.o
 .rodata        0x00002504       0x3a .\CortexM3\ARM_GCC_541\Debug\cyfitter_cfg.o
 *fill*         0x0000253e        0x2 
 .rodata.str1.4
                0x00002540        0x2 d:/koulu/laitteet/psoc/psoc creator/4.1/psoc creator/import/gnu/arm/5.4.1/bin/../lib/gcc/arm-none-eabi/5.4.1/../../../../arm-none-eabi/lib/armv7-m\libg.a(lib_a-impure.o)
 *fill*         0x00002542        0x2 
 .rodata._global_impure_ptr
                0x00002544        0x4 d:/koulu/laitteet/psoc/psoc creator/4.1/psoc creator/import/gnu/arm/5.4.1/bin/../lib/gcc/arm-none-eabi/5.4.1/../../../../arm-none-eabi/lib/armv7-m\libg.a(lib_a-impure.o)
                0x00002544                _global_impure_ptr
 .rodata.str1.4
                0x00002548        0x4 d:/koulu/laitteet/psoc/psoc creator/4.1/psoc creator/import/gnu/arm/5.4.1/bin/../lib/gcc/arm-none-eabi/5.4.1/../../../../arm-none-eabi/lib/armv7-m\libg.a(lib_a-puts.o)
                                  0x2 (size before relaxing)
                0x0000254c                . = ALIGN (0x4)
 *(.init)
 .init          0x0000254c        0x4 d:/koulu/laitteet/psoc/psoc creator/4.1/psoc creator/import/gnu/arm/5.4.1/bin/../lib/gcc/arm-none-eabi/5.4.1/armv7-m/crti.o
                0x0000254c                _init
 .init          0x00002550        0x8 d:/koulu/laitteet/psoc/psoc creator/4.1/psoc creator/import/gnu/arm/5.4.1/bin/../lib/gcc/arm-none-eabi/5.4.1/armv7-m/crtn.o
                0x00002558                . = ALIGN (0x4)
                0x00002558                __preinit_array_start = .
 *(.preinit_array)
                0x00002558                __preinit_array_end = .
                0x00002558                . = ALIGN (0x4)
                0x00002558                __init_array_start = .
 *(SORT(.init_array.*))
 .init_array.00000
                0x00002558        0x4 d:/koulu/laitteet/psoc/psoc creator/4.1/psoc creator/import/gnu/arm/5.4.1/bin/../lib/gcc/arm-none-eabi/5.4.1/../../../../arm-none-eabi/lib/armv7-m\libg.a(lib_a-__call_atexit.o)
 *(.init_array)
 .init_array    0x0000255c        0x4 d:/koulu/laitteet/psoc/psoc creator/4.1/psoc creator/import/gnu/arm/5.4.1/bin/../lib/gcc/arm-none-eabi/5.4.1/armv7-m/crtbegin.o
 .init_array    0x00002560        0x4 .\CortexM3\ARM_GCC_541\Debug\Cm3Start.o
                0x00002564                __init_array_end = .
                0x00002564                . = ALIGN (0x4)
 *(.fini)
 .fini          0x00002564        0x4 d:/koulu/laitteet/psoc/psoc creator/4.1/psoc creator/import/gnu/arm/5.4.1/bin/../lib/gcc/arm-none-eabi/5.4.1/armv7-m/crti.o
                0x00002564                _fini
 .fini          0x00002568        0x8 d:/koulu/laitteet/psoc/psoc creator/4.1/psoc creator/import/gnu/arm/5.4.1/bin/../lib/gcc/arm-none-eabi/5.4.1/armv7-m/crtn.o
                0x00002570                . = ALIGN (0x4)
                0x00002570                __fini_array_start = .
 *(.fini_array)
 .fini_array    0x00002570        0x4 d:/koulu/laitteet/psoc/psoc creator/4.1/psoc creator/import/gnu/arm/5.4.1/bin/../lib/gcc/arm-none-eabi/5.4.1/armv7-m/crtbegin.o
 *(SORT(.fini_array.*))
                0x00002574                __fini_array_end = .
                0x00002574                . = ALIGN (0x4)
 *crtbegin.o(.ctors)
 *(EXCLUDE_FILE(*crtend.o) .ctors)
 *(SORT(.ctors.*))
 *crtend.o(.ctors)
                0x00002574                . = ALIGN (0x4)
 *crtbegin.o(.dtors)
 *(EXCLUDE_FILE(*crtend.o) .dtors)
 *(SORT(.dtors.*))
 *crtend.o(.dtors)
                0x00002574                . = ALIGN (0x4)
                0x00002574                __cy_regions = .
                0x00002574        0x4 LONG 0x2588 __cy_region_init_ram
                0x00002578        0x4 LONG 0x1fff80c8 __cy_region_start_data
                0x0000257c        0x4 LONG 0x858 __cy_region_init_size_ram
                0x00002580        0x4 LONG 0x80 __cy_region_zero_size_ram
                0x00002584                __cy_regions_end = .
                0x00002588                . = ALIGN (0x8)
 *fill*         0x00002584        0x4 
                0x00002588                _etext = .

.cy_checksum_exclude
                0x00002588        0x0
 *(.cy_checksum_exclude)

.ramvectors     0x1fff8000       0xc0
                0x1fff8000                __cy_region_start_ram = .
 *(.ramvectors)
 .ramvectors    0x1fff8000       0xc0 .\CortexM3\ARM_GCC_541\Debug\Cm3Start.o
                0x1fff8000                CyRamVectors

.noinit         0x1fff80c0        0x1
 *(.noinit)
 .noinit        0x1fff80c0        0x1 .\CortexM3\ARM_GCC_541\Debug\ZumoBot.a(CyLib.o)
                0x1fff80c0                CyResetStatus

.data           0x1fff80c8      0x858 load address 0x00002588
                0x1fff80c8                __cy_region_start_data = .
 *(.jcr)
 .jcr           0x1fff80c8        0x0 d:/koulu/laitteet/psoc/psoc creator/4.1/psoc creator/import/gnu/arm/5.4.1/bin/../lib/gcc/arm-none-eabi/5.4.1/armv7-m/crtbegin.o
 .jcr           0x1fff80c8        0x4 d:/koulu/laitteet/psoc/psoc creator/4.1/psoc creator/import/gnu/arm/5.4.1/bin/../lib/gcc/arm-none-eabi/5.4.1/armv7-m/crtend.o
 *(.got.plt)
 *(.got)
 *(.shdata)
 *(.data .data.* .gnu.linkonce.d.*)
 .data          0x1fff80cc        0x4 .\CortexM3\ARM_GCC_541\Debug\Cm3Start.o
 .data          0x1fff80d0       0x10 .\CortexM3\ARM_GCC_541\Debug\ZumoBot.a(CyLib.o)
                0x1fff80d0                cydelay_32k_ms
                0x1fff80d4                cydelay_freq_khz
                0x1fff80d8                cydelay_freq_mhz
                0x1fff80dc                cydelay_freq_hz
 .data.impure_data
                0x1fff80e0      0x428 d:/koulu/laitteet/psoc/psoc creator/4.1/psoc creator/import/gnu/arm/5.4.1/bin/../lib/gcc/arm-none-eabi/5.4.1/../../../../arm-none-eabi/lib/armv7-m\libg.a(lib_a-impure.o)
 .data._impure_ptr
                0x1fff8508        0x4 d:/koulu/laitteet/psoc/psoc creator/4.1/psoc creator/import/gnu/arm/5.4.1/bin/../lib/gcc/arm-none-eabi/5.4.1/../../../../arm-none-eabi/lib/armv7-m\libg.a(lib_a-impure.o)
                0x1fff8508                _impure_ptr
 .data.__malloc_av_
                0x1fff850c      0x408 d:/koulu/laitteet/psoc/psoc creator/4.1/psoc creator/import/gnu/arm/5.4.1/bin/../lib/gcc/arm-none-eabi/5.4.1/../../../../arm-none-eabi/lib/armv7-m\libg.a(lib_a-mallocr.o)
                0x1fff850c                __malloc_av_
 .data.__malloc_trim_threshold
                0x1fff8914        0x4 d:/koulu/laitteet/psoc/psoc creator/4.1/psoc creator/import/gnu/arm/5.4.1/bin/../lib/gcc/arm-none-eabi/5.4.1/../../../../arm-none-eabi/lib/armv7-m\libg.a(lib_a-mallocr.o)
                0x1fff8914                __malloc_trim_threshold
 .data.__malloc_sbrk_base
                0x1fff8918        0x4 d:/koulu/laitteet/psoc/psoc creator/4.1/psoc creator/import/gnu/arm/5.4.1/bin/../lib/gcc/arm-none-eabi/5.4.1/../../../../arm-none-eabi/lib/armv7-m\libg.a(lib_a-mallocr.o)
                0x1fff8918                __malloc_sbrk_base
                0x1fff8920                . = ALIGN (0x8)
 *fill*         0x1fff891c        0x4 
 *(.ram)
                0x1fff8920                _edata = .

.igot.plt       0x1fff8920        0x0 load address 0x00002de0
 .igot.plt      0x1fff8920        0x0 d:/koulu/laitteet/psoc/psoc creator/4.1/psoc creator/import/gnu/arm/5.4.1/bin/../lib/gcc/arm-none-eabi/5.4.1/armv7-m/crtbegin.o

.bss            0x1fff8920       0x80 load address 0x00002de0
                0x1fff8920                PROVIDE (__bss_start__, .)
 *(.shbss)
 *(.bss .bss.* .gnu.linkonce.b.*)
 .bss           0x1fff8920       0x1c d:/koulu/laitteet/psoc/psoc creator/4.1/psoc creator/import/gnu/arm/5.4.1/bin/../lib/gcc/arm-none-eabi/5.4.1/armv7-m/crtbegin.o
 .bss           0x1fff893c       0x10 .\CortexM3\ARM_GCC_541\Debug\Reflectance.o
 .bss           0x1fff894c        0x1 .\CortexM3\ARM_GCC_541\Debug\ZumoBot.a(PWM.o)
                0x1fff894c                PWM_initVar
 .bss           0x1fff894d        0x2 .\CortexM3\ARM_GCC_541\Debug\ZumoBot.a(UART_1.o)
                0x1fff894d                UART_1_initVar
 .bss           0x1fff894f        0x1 .\CortexM3\ARM_GCC_541\Debug\ZumoBot.a(ADC_Battery.o)
                0x1fff894f                ADC_Battery_initVar
 .bss.__malloc_max_total_mem
                0x1fff8950        0x4 d:/koulu/laitteet/psoc/psoc creator/4.1/psoc creator/import/gnu/arm/5.4.1/bin/../lib/gcc/arm-none-eabi/5.4.1/../../../../arm-none-eabi/lib/armv7-m\libg.a(lib_a-mallocr.o)
                0x1fff8950                __malloc_max_total_mem
 .bss.__malloc_max_sbrked_mem
                0x1fff8954        0x4 d:/koulu/laitteet/psoc/psoc creator/4.1/psoc creator/import/gnu/arm/5.4.1/bin/../lib/gcc/arm-none-eabi/5.4.1/../../../../arm-none-eabi/lib/armv7-m\libg.a(lib_a-mallocr.o)
                0x1fff8954                __malloc_max_sbrked_mem
 .bss.__malloc_top_pad
                0x1fff8958        0x4 d:/koulu/laitteet/psoc/psoc creator/4.1/psoc creator/import/gnu/arm/5.4.1/bin/../lib/gcc/arm-none-eabi/5.4.1/../../../../arm-none-eabi/lib/armv7-m\libg.a(lib_a-mallocr.o)
                0x1fff8958                __malloc_top_pad
 .bss.__malloc_current_mallinfo
                0x1fff895c       0x28 d:/koulu/laitteet/psoc/psoc creator/4.1/psoc creator/import/gnu/arm/5.4.1/bin/../lib/gcc/arm-none-eabi/5.4.1/../../../../arm-none-eabi/lib/armv7-m\libg.a(lib_a-mallocr.o)
                0x1fff895c                __malloc_current_mallinfo
 *(COMMON)
 COMMON         0x1fff8984        0x8 .\CortexM3\ARM_GCC_541\Debug\main.o
                0x1fff8984                threshold
 COMMON         0x1fff898c        0xc .\CortexM3\ARM_GCC_541\Debug\ZumoBot.a(ADC_Battery.o)
                0x1fff898c                ADC_Battery_offset
                0x1fff898e                ADC_Battery_countsPerVolt
                0x1fff8990                ADC_Battery_shift
                0x1fff8994                ADC_Battery_countsPer10Volt
 COMMON         0x1fff8998        0x4 d:/koulu/laitteet/psoc/psoc creator/4.1/psoc creator/import/gnu/arm/5.4.1/bin/../lib/gcc/arm-none-eabi/5.4.1/../../../../arm-none-eabi/lib/armv7-m\libg.a(lib_a-reent.o)
                0x1fff8998                errno
                0x1fff89a0                . = ALIGN (0x8)
 *fill*         0x1fff899c        0x4 
 *(.ram.b)
                0x1fff89a0                _end = .
                0x1fff89a0                __end = .
                0x1fff89a0                PROVIDE (end, .)
                0x1fff89a0                PROVIDE (__bss_end__, .)
                0x00002588                __cy_region_init_ram = LOADADDR (.data)
                0x00000858                __cy_region_init_size_ram = (_edata - ADDR (.data))
                0x00000080                __cy_region_zero_size_ram = (_end - _edata)

.heap           0x1fff89a0      0x800 load address 0x00002de0
                0x1fff89a0                . = _end
                0x1fff91a0                . = (. + 0x800)
 *fill*         0x1fff89a0      0x800 
                0x1fff91a0                __cy_heap_limit = .

.stack          0x20007800      0x800
                0x20007800                __cy_stack_limit = .
                0x20008000                . = (. + 0x800)
 *fill*         0x20007800      0x800 
                0x00000001                ASSERT ((__cy_stack_limit >= __cy_heap_limit), region RAM overflowed with stack)
                0x00000000                cy_checksum_exclude_size = (CY_APPL_LOADABLE == 0x1)?SIZEOF (.cy_checksum_exclude):0x0
                0x00000001                ASSERT ((cy_checksum_exclude_size <= CY_CHECKSUM_EXCLUDE_SIZE), CY_BOOT: Section .cy_checksum_exclude size exceedes specified limit.)

.cyloadermeta
 *(.cyloadermeta)

.cyloadablemeta
 *(.cyloadablemeta)

.cyconfigecc    0x80000000      0x8c4
 *(.cyconfigecc)
 .cyconfigecc   0x80000000      0x8c4 .\CortexM3\ARM_GCC_541\Debug\cymetadata.o
                0x80000000                cy_meta_configecc

.cycustnvl      0x90000000        0x4
 *(.cycustnvl)
 .cycustnvl     0x90000000        0x4 .\CortexM3\ARM_GCC_541\Debug\cymetadata.o
                0x90000000                cy_meta_custnvl

.cywolatch      0x90100000        0x4
 *(.cywolatch)
 .cywolatch     0x90100000        0x4 .\CortexM3\ARM_GCC_541\Debug\cymetadata.o
                0x90100000                cy_meta_wonvl

.cyeeprom       0x90200000        0x0
 *(.cyeeprom)
                0x00000001                ASSERT ((. <= ((0x90200000 + ee_offset) + ee_size)), .cyeeprom data will not fit in EEPROM)

.cyflashprotect
                0x90400000      0x100
 *(.cyflashprotect)
 .cyflashprotect
                0x90400000      0x100 .\CortexM3\ARM_GCC_541\Debug\cymetadata.o
                0x90400000                cy_meta_flashprotect

.cymeta         0x90500000        0xc
 *(.cymeta)
 .cymeta        0x90500000        0xc .\CortexM3\ARM_GCC_541\Debug\cymetadata.o
                0x90500000                cy_metadata

.rel.dyn        0x00002de0        0x0 load address 0x9050000c
 .rel.iplt      0x00002de0        0x0 d:/koulu/laitteet/psoc/psoc creator/4.1/psoc creator/import/gnu/arm/5.4.1/bin/../lib/gcc/arm-none-eabi/5.4.1/armv7-m/crtbegin.o

.stab           0x00000000       0x6c
 *(.stab)
 .stab          0x00000000       0x24 d:/koulu/laitteet/psoc/psoc creator/4.1/psoc creator/import/gnu/arm/5.4.1/bin/../lib/gcc/arm-none-eabi/5.4.1/../../../../arm-none-eabi/lib/armv7-m\libnosys.a(close.o)
 .stab          0x00000024       0x18 d:/koulu/laitteet/psoc/psoc creator/4.1/psoc creator/import/gnu/arm/5.4.1/bin/../lib/gcc/arm-none-eabi/5.4.1/../../../../arm-none-eabi/lib/armv7-m\libnosys.a(fstat.o)
                                 0x24 (size before relaxing)
 .stab          0x0000003c       0x18 d:/koulu/laitteet/psoc/psoc creator/4.1/psoc creator/import/gnu/arm/5.4.1/bin/../lib/gcc/arm-none-eabi/5.4.1/../../../../arm-none-eabi/lib/armv7-m\libnosys.a(isatty.o)
                                 0x24 (size before relaxing)
 .stab          0x00000054       0x18 d:/koulu/laitteet/psoc/psoc creator/4.1/psoc creator/import/gnu/arm/5.4.1/bin/../lib/gcc/arm-none-eabi/5.4.1/../../../../arm-none-eabi/lib/armv7-m\libnosys.a(lseek.o)
                                 0x24 (size before relaxing)

.stabstr        0x00000000       0xe3
 *(.stabstr)
 .stabstr       0x00000000       0xe3 d:/koulu/laitteet/psoc/psoc creator/4.1/psoc creator/import/gnu/arm/5.4.1/bin/../lib/gcc/arm-none-eabi/5.4.1/../../../../arm-none-eabi/lib/armv7-m\libnosys.a(close.o)

.debug
 *(.debug)

.line
 *(.line)

.debug_srcinfo
 *(.debug_srcinfo)

.debug_sfnames
 *(.debug_sfnames)

.debug_aranges  0x00000000     0x1260
 *(.debug_aranges)
 .debug_aranges
                0x00000000       0x38 .\CortexM3\ARM_GCC_541\Debug\main.o
 .debug_aranges
                0x00000038       0x20 .\CortexM3\ARM_GCC_541\Debug\Accel.o
 .debug_aranges
                0x00000058       0x20 .\CortexM3\ARM_GCC_541\Debug\Ambient.o
 .debug_aranges
                0x00000078       0x20 .\CortexM3\ARM_GCC_541\Debug\Gyro.o
 .debug_aranges
                0x00000098       0x30 .\CortexM3\ARM_GCC_541\Debug\I2C_made.o
 .debug_aranges
                0x000000c8       0x40 .\CortexM3\ARM_GCC_541\Debug\IR.o
 .debug_aranges
                0x00000108       0x20 .\CortexM3\ARM_GCC_541\Debug\Magnet.o
 .debug_aranges
                0x00000128       0x48 .\CortexM3\ARM_GCC_541\Debug\Motor.o
 .debug_aranges
                0x00000170       0x30 .\CortexM3\ARM_GCC_541\Debug\Nunchuk.o
 .debug_aranges
                0x000001a0       0x40 .\CortexM3\ARM_GCC_541\Debug\Reflectance.o
 .debug_aranges
                0x000001e0       0x38 .\CortexM3\ARM_GCC_541\Debug\Ultra.o
 .debug_aranges
                0x00000218       0x20 .\CortexM3\ARM_GCC_541\Debug\Beep.o
 .debug_aranges
                0x00000238       0x40 .\CortexM3\ARM_GCC_541\Debug\Drive.o
 .debug_aranges
                0x00000278       0x58 .\CortexM3\ARM_GCC_541\Debug\cyfitter_cfg.o
 .debug_aranges
                0x000002d0       0x18 .\CortexM3\ARM_GCC_541\Debug\cymetadata.o
 .debug_aranges
                0x000002e8       0x48 .\CortexM3\ARM_GCC_541\Debug\Cm3Start.o
 .debug_aranges
                0x00000330       0xa8 .\CortexM3\ARM_GCC_541\Debug\ZumoBot.a(PWM.o)
 .debug_aranges
                0x000003d8       0x38 .\CortexM3\ARM_GCC_541\Debug\ZumoBot.a(I2C.o)
 .debug_aranges
                0x00000410       0x20 .\CortexM3\ARM_GCC_541\Debug\ZumoBot.a(I2C_INT.o)
 .debug_aranges
                0x00000430       0x38 .\CortexM3\ARM_GCC_541\Debug\ZumoBot.a(I2C_PM.o)
 .debug_aranges
                0x00000468       0x80 .\CortexM3\ARM_GCC_541\Debug\ZumoBot.a(I2C_MASTER.o)
 .debug_aranges
                0x000004e8      0x2a0 .\CortexM3\ARM_GCC_541\Debug\ZumoBot.a(CyLib.o)
 .debug_aranges
                0x00000788       0x98 .\CortexM3\ARM_GCC_541\Debug\ZumoBot.a(cyPm.o)
 .debug_aranges
                0x00000820       0x38 .\CortexM3\ARM_GCC_541\Debug\ZumoBot.a(MotorDirLeft.o)
 .debug_aranges
                0x00000858       0x38 .\CortexM3\ARM_GCC_541\Debug\ZumoBot.a(MotorDirRight.o)
 .debug_aranges
                0x00000890       0x80 .\CortexM3\ARM_GCC_541\Debug\ZumoBot.a(sensor_isr.o)
 .debug_aranges
                0x00000910       0xf0 .\CortexM3\ARM_GCC_541\Debug\ZumoBot.a(UART_1.o)
 .debug_aranges
                0x00000a00       0xa8 .\CortexM3\ARM_GCC_541\Debug\ZumoBot.a(ADC_Battery.o)
 .debug_aranges
                0x00000aa8       0x20 .\CortexM3\ARM_GCC_541\Debug\ZumoBot.a(ADC_Battery_INT.o)
 .debug_aranges
                0x00000ac8       0x38 .\CortexM3\ARM_GCC_541\Debug\ZumoBot.a(BatteryLed.o)
 .debug_aranges
                0x00000b00       0x38 .\CortexM3\ARM_GCC_541\Debug\ZumoBot.a(IR_receiver.o)
 .debug_aranges
                0x00000b38       0x38 .\CortexM3\ARM_GCC_541\Debug\ZumoBot.a(Trig.o)
 .debug_aranges
                0x00000b70       0x88 .\CortexM3\ARM_GCC_541\Debug\ZumoBot.a(Timer.o)
 .debug_aranges
                0x00000bf8       0x38 .\CortexM3\ARM_GCC_541\Debug\ZumoBot.a(Echo.o)
 .debug_aranges
                0x00000c30       0x80 .\CortexM3\ARM_GCC_541\Debug\ZumoBot.a(ultra_isr.o)
 .debug_aranges
                0x00000cb0       0x70 .\CortexM3\ARM_GCC_541\Debug\ZumoBot.a(UART_1_IntClock.o)
 .debug_aranges
                0x00000d20       0x70 .\CortexM3\ARM_GCC_541\Debug\ZumoBot.a(ADC_Battery_theACLK.o)
 .debug_aranges
                0x00000d90       0x80 .\CortexM3\ARM_GCC_541\Debug\ZumoBot.a(Buzzer_PWM.o)
 .debug_aranges
                0x00000e10       0x38 .\CortexM3\ARM_GCC_541\Debug\ZumoBot.a(L3.o)
 .debug_aranges
                0x00000e48       0x88 .\CortexM3\ARM_GCC_541\Debug\ZumoBot.a(Timer_L3.o)
 .debug_aranges
                0x00000ed0       0x88 .\CortexM3\ARM_GCC_541\Debug\ZumoBot.a(Timer_R3.o)
 .debug_aranges
                0x00000f58       0x88 .\CortexM3\ARM_GCC_541\Debug\ZumoBot.a(Timer_R1.o)
 .debug_aranges
                0x00000fe0       0x38 .\CortexM3\ARM_GCC_541\Debug\ZumoBot.a(R1.o)
 .debug_aranges
                0x00001018       0x38 .\CortexM3\ARM_GCC_541\Debug\ZumoBot.a(R3.o)
 .debug_aranges
                0x00001050       0x88 .\CortexM3\ARM_GCC_541\Debug\ZumoBot.a(Timer_L1.o)
 .debug_aranges
                0x000010d8       0x38 .\CortexM3\ARM_GCC_541\Debug\ZumoBot.a(L1.o)
 .debug_aranges
                0x00001110       0x38 .\CortexM3\ARM_GCC_541\Debug\ZumoBot.a(SW1.o)
 .debug_aranges
                0x00001148       0x20 .\CortexM3\ARM_GCC_541\Debug\ZumoBot.a(CyBootAsmGnu.o)
 .debug_aranges
                0x00001168       0x80 .\CortexM3\ARM_GCC_541\Debug\ZumoBot.a(CyFlash.o)
 .debug_aranges
                0x000011e8       0x78 .\CortexM3\ARM_GCC_541\Debug\ZumoBot.a(CySpc.o)

.debug_pubnames
 *(.debug_pubnames)

.debug_info     0x00000000     0x9c26
 *(.debug_info .gnu.linkonce.wi.*)
 .debug_info    0x00000000      0x47d .\CortexM3\ARM_GCC_541\Debug\main.o
 .debug_info    0x0000047d      0x138 .\CortexM3\ARM_GCC_541\Debug\Accel.o
 .debug_info    0x000005b5      0x10e .\CortexM3\ARM_GCC_541\Debug\Ambient.o
 .debug_info    0x000006c3      0x10a .\CortexM3\ARM_GCC_541\Debug\Gyro.o
 .debug_info    0x000007cd      0x2e3 .\CortexM3\ARM_GCC_541\Debug\I2C_made.o
 .debug_info    0x00000ab0      0x22d .\CortexM3\ARM_GCC_541\Debug\IR.o
 .debug_info    0x00000cdd      0x145 .\CortexM3\ARM_GCC_541\Debug\Magnet.o
 .debug_info    0x00000e22      0x3af .\CortexM3\ARM_GCC_541\Debug\Motor.o
 .debug_info    0x000011d1      0x2b6 .\CortexM3\ARM_GCC_541\Debug\Nunchuk.o
 .debug_info    0x00001487      0x55f .\CortexM3\ARM_GCC_541\Debug\Reflectance.o
 .debug_info    0x000019e6      0x6ac .\CortexM3\ARM_GCC_541\Debug\Ultra.o
 .debug_info    0x00002092      0x194 .\CortexM3\ARM_GCC_541\Debug\Beep.o
 .debug_info    0x00002226      0x55f .\CortexM3\ARM_GCC_541\Debug\Drive.o
 .debug_info    0x00002785      0x63d .\CortexM3\ARM_GCC_541\Debug\cyfitter_cfg.o
 .debug_info    0x00002dc2      0x139 .\CortexM3\ARM_GCC_541\Debug\cymetadata.o
 .debug_info    0x00002efb      0x3b5 .\CortexM3\ARM_GCC_541\Debug\Cm3Start.o
 .debug_info    0x000032b0      0x383 .\CortexM3\ARM_GCC_541\Debug\ZumoBot.a(PWM.o)
 .debug_info    0x00003633      0x2ad .\CortexM3\ARM_GCC_541\Debug\ZumoBot.a(I2C.o)
 .debug_info    0x000038e0      0x184 .\CortexM3\ARM_GCC_541\Debug\ZumoBot.a(I2C_INT.o)
 .debug_info    0x00003a64      0x207 .\CortexM3\ARM_GCC_541\Debug\ZumoBot.a(I2C_PM.o)
 .debug_info    0x00003c6b      0x407 .\CortexM3\ARM_GCC_541\Debug\ZumoBot.a(I2C_MASTER.o)
 .debug_info    0x00004072     0x1374 .\CortexM3\ARM_GCC_541\Debug\ZumoBot.a(CyLib.o)
 .debug_info    0x000053e6      0xa1d .\CortexM3\ARM_GCC_541\Debug\ZumoBot.a(cyPm.o)
 .debug_info    0x00005e03      0x11f .\CortexM3\ARM_GCC_541\Debug\ZumoBot.a(MotorDirLeft.o)
 .debug_info    0x00005f22      0x11f .\CortexM3\ARM_GCC_541\Debug\ZumoBot.a(MotorDirRight.o)
 .debug_info    0x00006041      0x2d2 .\CortexM3\ARM_GCC_541\Debug\ZumoBot.a(sensor_isr.o)
 .debug_info    0x00006313      0x60c .\CortexM3\ARM_GCC_541\Debug\ZumoBot.a(UART_1.o)
 .debug_info    0x0000691f      0x5c0 .\CortexM3\ARM_GCC_541\Debug\ZumoBot.a(ADC_Battery.o)
 .debug_info    0x00006edf       0x92 .\CortexM3\ARM_GCC_541\Debug\ZumoBot.a(ADC_Battery_INT.o)
 .debug_info    0x00006f71      0x11f .\CortexM3\ARM_GCC_541\Debug\ZumoBot.a(BatteryLed.o)
 .debug_info    0x00007090      0x11f .\CortexM3\ARM_GCC_541\Debug\ZumoBot.a(IR_receiver.o)
 .debug_info    0x000071af      0x11f .\CortexM3\ARM_GCC_541\Debug\ZumoBot.a(Trig.o)
 .debug_info    0x000072ce      0x2d3 .\CortexM3\ARM_GCC_541\Debug\ZumoBot.a(Timer.o)
 .debug_info    0x000075a1      0x11f .\CortexM3\ARM_GCC_541\Debug\ZumoBot.a(Echo.o)
 .debug_info    0x000076c0      0x2d2 .\CortexM3\ARM_GCC_541\Debug\ZumoBot.a(ultra_isr.o)
 .debug_info    0x00007992      0x283 .\CortexM3\ARM_GCC_541\Debug\ZumoBot.a(UART_1_IntClock.o)
 .debug_info    0x00007c15      0x283 .\CortexM3\ARM_GCC_541\Debug\ZumoBot.a(ADC_Battery_theACLK.o)
 .debug_info    0x00007e98      0x279 .\CortexM3\ARM_GCC_541\Debug\ZumoBot.a(Buzzer_PWM.o)
 .debug_info    0x00008111      0x11f .\CortexM3\ARM_GCC_541\Debug\ZumoBot.a(L3.o)
 .debug_info    0x00008230      0x295 .\CortexM3\ARM_GCC_541\Debug\ZumoBot.a(Timer_L3.o)
 .debug_info    0x000084c5      0x295 .\CortexM3\ARM_GCC_541\Debug\ZumoBot.a(Timer_R3.o)
 .debug_info    0x0000875a      0x295 .\CortexM3\ARM_GCC_541\Debug\ZumoBot.a(Timer_R1.o)
 .debug_info    0x000089ef      0x11f .\CortexM3\ARM_GCC_541\Debug\ZumoBot.a(R1.o)
 .debug_info    0x00008b0e      0x11f .\CortexM3\ARM_GCC_541\Debug\ZumoBot.a(R3.o)
 .debug_info    0x00008c2d      0x295 .\CortexM3\ARM_GCC_541\Debug\ZumoBot.a(Timer_L1.o)
 .debug_info    0x00008ec2      0x11f .\CortexM3\ARM_GCC_541\Debug\ZumoBot.a(L1.o)
 .debug_info    0x00008fe1      0x11f .\CortexM3\ARM_GCC_541\Debug\ZumoBot.a(SW1.o)
 .debug_info    0x00009100       0x85 .\CortexM3\ARM_GCC_541\Debug\ZumoBot.a(CyBootAsmGnu.o)
 .debug_info    0x00009185      0x5b8 .\CortexM3\ARM_GCC_541\Debug\ZumoBot.a(CyFlash.o)
 .debug_info    0x0000973d      0x4e9 .\CortexM3\ARM_GCC_541\Debug\ZumoBot.a(CySpc.o)

.debug_abbrev   0x00000000     0x3402
 *(.debug_abbrev)
 .debug_abbrev  0x00000000      0x1a3 .\CortexM3\ARM_GCC_541\Debug\main.o
 .debug_abbrev  0x000001a3       0xae .\CortexM3\ARM_GCC_541\Debug\Accel.o
 .debug_abbrev  0x00000251       0x8c .\CortexM3\ARM_GCC_541\Debug\Ambient.o
 .debug_abbrev  0x000002dd       0xa5 .\CortexM3\ARM_GCC_541\Debug\Gyro.o
 .debug_abbrev  0x00000382      0x124 .\CortexM3\ARM_GCC_541\Debug\I2C_made.o
 .debug_abbrev  0x000004a6      0x100 .\CortexM3\ARM_GCC_541\Debug\IR.o
 .debug_abbrev  0x000005a6       0xba .\CortexM3\ARM_GCC_541\Debug\Magnet.o
 .debug_abbrev  0x00000660       0xec .\CortexM3\ARM_GCC_541\Debug\Motor.o
 .debug_abbrev  0x0000074c       0xe4 .\CortexM3\ARM_GCC_541\Debug\Nunchuk.o
 .debug_abbrev  0x00000830      0x12e .\CortexM3\ARM_GCC_541\Debug\Reflectance.o
 .debug_abbrev  0x0000095e      0x21b .\CortexM3\ARM_GCC_541\Debug\Ultra.o
 .debug_abbrev  0x00000b79       0xc9 .\CortexM3\ARM_GCC_541\Debug\Beep.o
 .debug_abbrev  0x00000c42      0x12e .\CortexM3\ARM_GCC_541\Debug\Drive.o
 .debug_abbrev  0x00000d70      0x20d .\CortexM3\ARM_GCC_541\Debug\cyfitter_cfg.o
 .debug_abbrev  0x00000f7d       0x77 .\CortexM3\ARM_GCC_541\Debug\cymetadata.o
 .debug_abbrev  0x00000ff4      0x1e8 .\CortexM3\ARM_GCC_541\Debug\Cm3Start.o
 .debug_abbrev  0x000011dc      0x133 .\CortexM3\ARM_GCC_541\Debug\ZumoBot.a(PWM.o)
 .debug_abbrev  0x0000130f      0x10a .\CortexM3\ARM_GCC_541\Debug\ZumoBot.a(I2C.o)
 .debug_abbrev  0x00001419       0xb6 .\CortexM3\ARM_GCC_541\Debug\ZumoBot.a(I2C_INT.o)
 .debug_abbrev  0x000014cf       0xfe .\CortexM3\ARM_GCC_541\Debug\ZumoBot.a(I2C_PM.o)
 .debug_abbrev  0x000015cd      0x13c .\CortexM3\ARM_GCC_541\Debug\ZumoBot.a(I2C_MASTER.o)
 .debug_abbrev  0x00001709      0x254 .\CortexM3\ARM_GCC_541\Debug\ZumoBot.a(CyLib.o)
 .debug_abbrev  0x0000195d      0x1ab .\CortexM3\ARM_GCC_541\Debug\ZumoBot.a(cyPm.o)
 .debug_abbrev  0x00001b08       0x90 .\CortexM3\ARM_GCC_541\Debug\ZumoBot.a(MotorDirLeft.o)
 .debug_abbrev  0x00001b98       0x90 .\CortexM3\ARM_GCC_541\Debug\ZumoBot.a(MotorDirRight.o)
 .debug_abbrev  0x00001c28      0x173 .\CortexM3\ARM_GCC_541\Debug\ZumoBot.a(sensor_isr.o)
 .debug_abbrev  0x00001d9b      0x175 .\CortexM3\ARM_GCC_541\Debug\ZumoBot.a(UART_1.o)
 .debug_abbrev  0x00001f10      0x1ac .\CortexM3\ARM_GCC_541\Debug\ZumoBot.a(ADC_Battery.o)
 .debug_abbrev  0x000020bc       0x42 .\CortexM3\ARM_GCC_541\Debug\ZumoBot.a(ADC_Battery_INT.o)
 .debug_abbrev  0x000020fe       0x90 .\CortexM3\ARM_GCC_541\Debug\ZumoBot.a(BatteryLed.o)
 .debug_abbrev  0x0000218e       0x90 .\CortexM3\ARM_GCC_541\Debug\ZumoBot.a(IR_receiver.o)
 .debug_abbrev  0x0000221e       0x90 .\CortexM3\ARM_GCC_541\Debug\ZumoBot.a(Trig.o)
 .debug_abbrev  0x000022ae      0x13a .\CortexM3\ARM_GCC_541\Debug\ZumoBot.a(Timer.o)
 .debug_abbrev  0x000023e8       0x90 .\CortexM3\ARM_GCC_541\Debug\ZumoBot.a(Echo.o)
 .debug_abbrev  0x00002478      0x173 .\CortexM3\ARM_GCC_541\Debug\ZumoBot.a(ultra_isr.o)
 .debug_abbrev  0x000025eb      0x139 .\CortexM3\ARM_GCC_541\Debug\ZumoBot.a(UART_1_IntClock.o)
 .debug_abbrev  0x00002724      0x139 .\CortexM3\ARM_GCC_541\Debug\ZumoBot.a(ADC_Battery_theACLK.o)
 .debug_abbrev  0x0000285d      0x12d .\CortexM3\ARM_GCC_541\Debug\ZumoBot.a(Buzzer_PWM.o)
 .debug_abbrev  0x0000298a       0x90 .\CortexM3\ARM_GCC_541\Debug\ZumoBot.a(L3.o)
 .debug_abbrev  0x00002a1a      0x11a .\CortexM3\ARM_GCC_541\Debug\ZumoBot.a(Timer_L3.o)
 .debug_abbrev  0x00002b34      0x11a .\CortexM3\ARM_GCC_541\Debug\ZumoBot.a(Timer_R3.o)
 .debug_abbrev  0x00002c4e      0x11a .\CortexM3\ARM_GCC_541\Debug\ZumoBot.a(Timer_R1.o)
 .debug_abbrev  0x00002d68       0x90 .\CortexM3\ARM_GCC_541\Debug\ZumoBot.a(R1.o)
 .debug_abbrev  0x00002df8       0x90 .\CortexM3\ARM_GCC_541\Debug\ZumoBot.a(R3.o)
 .debug_abbrev  0x00002e88      0x11a .\CortexM3\ARM_GCC_541\Debug\ZumoBot.a(Timer_L1.o)
 .debug_abbrev  0x00002fa2       0x90 .\CortexM3\ARM_GCC_541\Debug\ZumoBot.a(L1.o)
 .debug_abbrev  0x00003032       0x90 .\CortexM3\ARM_GCC_541\Debug\ZumoBot.a(SW1.o)
 .debug_abbrev  0x000030c2       0x14 .\CortexM3\ARM_GCC_541\Debug\ZumoBot.a(CyBootAsmGnu.o)
 .debug_abbrev  0x000030d6      0x198 .\CortexM3\ARM_GCC_541\Debug\ZumoBot.a(CyFlash.o)
 .debug_abbrev  0x0000326e      0x194 .\CortexM3\ARM_GCC_541\Debug\ZumoBot.a(CySpc.o)

.debug_line     0x00000000     0x4cd5
 *(.debug_line)
 .debug_line    0x00000000      0x2c6 .\CortexM3\ARM_GCC_541\Debug\main.o
 .debug_line    0x000002c6      0x1ce .\CortexM3\ARM_GCC_541\Debug\Accel.o
 .debug_line    0x00000494       0xdb .\CortexM3\ARM_GCC_541\Debug\Ambient.o
 .debug_line    0x0000056f      0x164 .\CortexM3\ARM_GCC_541\Debug\Gyro.o
 .debug_line    0x000006d3      0x1b6 .\CortexM3\ARM_GCC_541\Debug\I2C_made.o
 .debug_line    0x00000889      0x1f8 .\CortexM3\ARM_GCC_541\Debug\IR.o
 .debug_line    0x00000a81      0x1cd .\CortexM3\ARM_GCC_541\Debug\Magnet.o
 .debug_line    0x00000c4e      0x1fc .\CortexM3\ARM_GCC_541\Debug\Motor.o
 .debug_line    0x00000e4a      0x1b2 .\CortexM3\ARM_GCC_541\Debug\Nunchuk.o
 .debug_line    0x00000ffc      0x264 .\CortexM3\ARM_GCC_541\Debug\Reflectance.o
 .debug_line    0x00001260      0x1fa .\CortexM3\ARM_GCC_541\Debug\Ultra.o
 .debug_line    0x0000145a      0x182 .\CortexM3\ARM_GCC_541\Debug\Beep.o
 .debug_line    0x000015dc      0x266 .\CortexM3\ARM_GCC_541\Debug\Drive.o
 .debug_line    0x00001842      0x206 .\CortexM3\ARM_GCC_541\Debug\cyfitter_cfg.o
 .debug_line    0x00001a48      0x131 .\CortexM3\ARM_GCC_541\Debug\cymetadata.o
 .debug_line    0x00001b79      0x224 .\CortexM3\ARM_GCC_541\Debug\Cm3Start.o
 .debug_line    0x00001d9d      0x1a7 .\CortexM3\ARM_GCC_541\Debug\ZumoBot.a(PWM.o)
 .debug_line    0x00001f44       0xd9 .\CortexM3\ARM_GCC_541\Debug\ZumoBot.a(I2C.o)
 .debug_line    0x0000201d      0x114 .\CortexM3\ARM_GCC_541\Debug\ZumoBot.a(I2C_INT.o)
 .debug_line    0x00002131       0xbb .\CortexM3\ARM_GCC_541\Debug\ZumoBot.a(I2C_PM.o)
 .debug_line    0x000021ec      0x1fd .\CortexM3\ARM_GCC_541\Debug\ZumoBot.a(I2C_MASTER.o)
 .debug_line    0x000023e9      0x816 .\CortexM3\ARM_GCC_541\Debug\ZumoBot.a(CyLib.o)
 .debug_line    0x00002bff      0x364 .\CortexM3\ARM_GCC_541\Debug\ZumoBot.a(cyPm.o)
 .debug_line    0x00002f63       0x99 .\CortexM3\ARM_GCC_541\Debug\ZumoBot.a(MotorDirLeft.o)
 .debug_line    0x00002ffc       0x9a .\CortexM3\ARM_GCC_541\Debug\ZumoBot.a(MotorDirRight.o)
 .debug_line    0x00003096      0x137 .\CortexM3\ARM_GCC_541\Debug\ZumoBot.a(sensor_isr.o)
 .debug_line    0x000031cd      0x2c0 .\CortexM3\ARM_GCC_541\Debug\ZumoBot.a(UART_1.o)
 .debug_line    0x0000348d      0x222 .\CortexM3\ARM_GCC_541\Debug\ZumoBot.a(ADC_Battery.o)
 .debug_line    0x000036af       0x58 .\CortexM3\ARM_GCC_541\Debug\ZumoBot.a(ADC_Battery_INT.o)
 .debug_line    0x00003707       0x97 .\CortexM3\ARM_GCC_541\Debug\ZumoBot.a(BatteryLed.o)
 .debug_line    0x0000379e       0x98 .\CortexM3\ARM_GCC_541\Debug\ZumoBot.a(IR_receiver.o)
 .debug_line    0x00003836       0x91 .\CortexM3\ARM_GCC_541\Debug\ZumoBot.a(Trig.o)
 .debug_line    0x000038c7      0x159 .\CortexM3\ARM_GCC_541\Debug\ZumoBot.a(Timer.o)
 .debug_line    0x00003a20       0x91 .\CortexM3\ARM_GCC_541\Debug\ZumoBot.a(Echo.o)
 .debug_line    0x00003ab1      0x136 .\CortexM3\ARM_GCC_541\Debug\ZumoBot.a(ultra_isr.o)
 .debug_line    0x00003be7      0x17e .\CortexM3\ARM_GCC_541\Debug\ZumoBot.a(UART_1_IntClock.o)
 .debug_line    0x00003d65      0x182 .\CortexM3\ARM_GCC_541\Debug\ZumoBot.a(ADC_Battery_theACLK.o)
 .debug_line    0x00003ee7      0x13f .\CortexM3\ARM_GCC_541\Debug\ZumoBot.a(Buzzer_PWM.o)
 .debug_line    0x00004026       0x8f .\CortexM3\ARM_GCC_541\Debug\ZumoBot.a(L3.o)
 .debug_line    0x000040b5      0x156 .\CortexM3\ARM_GCC_541\Debug\ZumoBot.a(Timer_L3.o)
 .debug_line    0x0000420b      0x156 .\CortexM3\ARM_GCC_541\Debug\ZumoBot.a(Timer_R3.o)
 .debug_line    0x00004361      0x156 .\CortexM3\ARM_GCC_541\Debug\ZumoBot.a(Timer_R1.o)
 .debug_line    0x000044b7       0x8f .\CortexM3\ARM_GCC_541\Debug\ZumoBot.a(R1.o)
 .debug_line    0x00004546       0x8f .\CortexM3\ARM_GCC_541\Debug\ZumoBot.a(R3.o)
 .debug_line    0x000045d5      0x156 .\CortexM3\ARM_GCC_541\Debug\ZumoBot.a(Timer_L1.o)
 .debug_line    0x0000472b       0x8f .\CortexM3\ARM_GCC_541\Debug\ZumoBot.a(L1.o)
 .debug_line    0x000047ba       0x90 .\CortexM3\ARM_GCC_541\Debug\ZumoBot.a(SW1.o)
 .debug_line    0x0000484a       0x66 .\CortexM3\ARM_GCC_541\Debug\ZumoBot.a(CyBootAsmGnu.o)
 .debug_line    0x000048b0      0x1e9 .\CortexM3\ARM_GCC_541\Debug\ZumoBot.a(CyFlash.o)
 .debug_line    0x00004a99      0x23c .\CortexM3\ARM_GCC_541\Debug\ZumoBot.a(CySpc.o)

.debug_frame    0x00000000     0x3c10
 *(.debug_frame)
 .debug_frame   0x00000000       0x9c .\CortexM3\ARM_GCC_541\Debug\main.o
 .debug_frame   0x0000009c       0x38 .\CortexM3\ARM_GCC_541\Debug\Accel.o
 .debug_frame   0x000000d4       0x3c .\CortexM3\ARM_GCC_541\Debug\Ambient.o
 .debug_frame   0x00000110       0x2c .\CortexM3\ARM_GCC_541\Debug\Gyro.o
 .debug_frame   0x0000013c       0x64 .\CortexM3\ARM_GCC_541\Debug\I2C_made.o
 .debug_frame   0x000001a0       0xa4 .\CortexM3\ARM_GCC_541\Debug\IR.o
 .debug_frame   0x00000244       0x2c .\CortexM3\ARM_GCC_541\Debug\Magnet.o
 .debug_frame   0x00000270       0xc8 .\CortexM3\ARM_GCC_541\Debug\Motor.o
 .debug_frame   0x00000338       0x70 .\CortexM3\ARM_GCC_541\Debug\Nunchuk.o
 .debug_frame   0x000003a8       0x90 .\CortexM3\ARM_GCC_541\Debug\Reflectance.o
 .debug_frame   0x00000438       0x74 .\CortexM3\ARM_GCC_541\Debug\Ultra.o
 .debug_frame   0x000004ac       0x30 .\CortexM3\ARM_GCC_541\Debug\Beep.o
 .debug_frame   0x000004dc       0x90 .\CortexM3\ARM_GCC_541\Debug\Drive.o
 .debug_frame   0x0000056c       0xfc .\CortexM3\ARM_GCC_541\Debug\cyfitter_cfg.o
 .debug_frame   0x00000668       0xb8 .\CortexM3\ARM_GCC_541\Debug\Cm3Start.o
 .debug_frame   0x00000720      0x154 .\CortexM3\ARM_GCC_541\Debug\ZumoBot.a(PWM.o)
 .debug_frame   0x00000874       0x94 .\CortexM3\ARM_GCC_541\Debug\ZumoBot.a(I2C.o)
 .debug_frame   0x00000908       0x30 .\CortexM3\ARM_GCC_541\Debug\ZumoBot.a(I2C_INT.o)
 .debug_frame   0x00000938       0x74 .\CortexM3\ARM_GCC_541\Debug\ZumoBot.a(I2C_PM.o)
 .debug_frame   0x000009ac      0x138 .\CortexM3\ARM_GCC_541\Debug\ZumoBot.a(I2C_MASTER.o)
 .debug_frame   0x00000ae4      0x738 .\CortexM3\ARM_GCC_541\Debug\ZumoBot.a(CyLib.o)
 .debug_frame   0x0000121c      0x1f8 .\CortexM3\ARM_GCC_541\Debug\ZumoBot.a(cyPm.o)
 .debug_frame   0x00001414       0x50 .\CortexM3\ARM_GCC_541\Debug\ZumoBot.a(MotorDirLeft.o)
 .debug_frame   0x00001464       0x50 .\CortexM3\ARM_GCC_541\Debug\ZumoBot.a(MotorDirRight.o)
 .debug_frame   0x000014b4      0x104 .\CortexM3\ARM_GCC_541\Debug\ZumoBot.a(sensor_isr.o)
 .debug_frame   0x000015b8      0x250 .\CortexM3\ARM_GCC_541\Debug\ZumoBot.a(UART_1.o)
 .debug_frame   0x00001808      0x1b0 .\CortexM3\ARM_GCC_541\Debug\ZumoBot.a(ADC_Battery.o)
 .debug_frame   0x000019b8       0x20 .\CortexM3\ARM_GCC_541\Debug\ZumoBot.a(ADC_Battery_INT.o)
 .debug_frame   0x000019d8       0x50 .\CortexM3\ARM_GCC_541\Debug\ZumoBot.a(BatteryLed.o)
 .debug_frame   0x00001a28       0x50 .\CortexM3\ARM_GCC_541\Debug\ZumoBot.a(IR_receiver.o)
 .debug_frame   0x00001a78       0x50 .\CortexM3\ARM_GCC_541\Debug\ZumoBot.a(Trig.o)
 .debug_frame   0x00001ac8      0x114 .\CortexM3\ARM_GCC_541\Debug\ZumoBot.a(Timer.o)
 .debug_frame   0x00001bdc       0x50 .\CortexM3\ARM_GCC_541\Debug\ZumoBot.a(Echo.o)
 .debug_frame   0x00001c2c      0x104 .\CortexM3\ARM_GCC_541\Debug\ZumoBot.a(ultra_isr.o)
 .debug_frame   0x00001d30       0xe0 .\CortexM3\ARM_GCC_541\Debug\ZumoBot.a(UART_1_IntClock.o)
 .debug_frame   0x00001e10       0xe0 .\CortexM3\ARM_GCC_541\Debug\ZumoBot.a(ADC_Battery_theACLK.o)
 .debug_frame   0x00001ef0       0xf8 .\CortexM3\ARM_GCC_541\Debug\ZumoBot.a(Buzzer_PWM.o)
 .debug_frame   0x00001fe8       0x50 .\CortexM3\ARM_GCC_541\Debug\ZumoBot.a(L3.o)
 .debug_frame   0x00002038      0x108 .\CortexM3\ARM_GCC_541\Debug\ZumoBot.a(Timer_L3.o)
 .debug_frame   0x00002140      0x108 .\CortexM3\ARM_GCC_541\Debug\ZumoBot.a(Timer_R3.o)
 .debug_frame   0x00002248      0x108 .\CortexM3\ARM_GCC_541\Debug\ZumoBot.a(Timer_R1.o)
 .debug_frame   0x00002350       0x50 .\CortexM3\ARM_GCC_541\Debug\ZumoBot.a(R1.o)
 .debug_frame   0x000023a0       0x50 .\CortexM3\ARM_GCC_541\Debug\ZumoBot.a(R3.o)
 .debug_frame   0x000023f0      0x108 .\CortexM3\ARM_GCC_541\Debug\ZumoBot.a(Timer_L1.o)
 .debug_frame   0x000024f8       0x50 .\CortexM3\ARM_GCC_541\Debug\ZumoBot.a(L1.o)
 .debug_frame   0x00002548       0x50 .\CortexM3\ARM_GCC_541\Debug\ZumoBot.a(SW1.o)
 .debug_frame   0x00002598      0x174 .\CortexM3\ARM_GCC_541\Debug\ZumoBot.a(CyFlash.o)
 .debug_frame   0x0000270c      0x160 .\CortexM3\ARM_GCC_541\Debug\ZumoBot.a(CySpc.o)
 .debug_frame   0x0000286c       0x20 d:/koulu/laitteet/psoc/psoc creator/4.1/psoc creator/import/gnu/arm/5.4.1/bin/../lib/gcc/arm-none-eabi/5.4.1/../../../../arm-none-eabi/lib/armv7-m\libm.a(lib_a-w_atan2.o)
 .debug_frame   0x0000288c       0x4c d:/koulu/laitteet/psoc/psoc creator/4.1/psoc creator/import/gnu/arm/5.4.1/bin/../lib/gcc/arm-none-eabi/5.4.1/../../../../arm-none-eabi/lib/armv7-m\libm.a(lib_a-w_pow.o)
 .debug_frame   0x000028d8       0x48 d:/koulu/laitteet/psoc/psoc creator/4.1/psoc creator/import/gnu/arm/5.4.1/bin/../lib/gcc/arm-none-eabi/5.4.1/../../../../arm-none-eabi/lib/armv7-m\libm.a(lib_a-e_atan2.o)
 .debug_frame   0x00002920       0x68 d:/koulu/laitteet/psoc/psoc creator/4.1/psoc creator/import/gnu/arm/5.4.1/bin/../lib/gcc/arm-none-eabi/5.4.1/../../../../arm-none-eabi/lib/armv7-m\libm.a(lib_a-e_pow.o)
 .debug_frame   0x00002988       0x30 d:/koulu/laitteet/psoc/psoc creator/4.1/psoc creator/import/gnu/arm/5.4.1/bin/../lib/gcc/arm-none-eabi/5.4.1/../../../../arm-none-eabi/lib/armv7-m\libm.a(lib_a-e_sqrt.o)
 .debug_frame   0x000029b8       0x38 d:/koulu/laitteet/psoc/psoc creator/4.1/psoc creator/import/gnu/arm/5.4.1/bin/../lib/gcc/arm-none-eabi/5.4.1/../../../../arm-none-eabi/lib/armv7-m\libm.a(lib_a-s_atan.o)
 .debug_frame   0x000029f0       0x20 d:/koulu/laitteet/psoc/psoc creator/4.1/psoc creator/import/gnu/arm/5.4.1/bin/../lib/gcc/arm-none-eabi/5.4.1/../../../../arm-none-eabi/lib/armv7-m\libm.a(lib_a-s_fabs.o)
 .debug_frame   0x00002a10       0x20 d:/koulu/laitteet/psoc/psoc creator/4.1/psoc creator/import/gnu/arm/5.4.1/bin/../lib/gcc/arm-none-eabi/5.4.1/../../../../arm-none-eabi/lib/armv7-m\libm.a(lib_a-s_finite.o)
 .debug_frame   0x00002a30       0x20 d:/koulu/laitteet/psoc/psoc creator/4.1/psoc creator/import/gnu/arm/5.4.1/bin/../lib/gcc/arm-none-eabi/5.4.1/../../../../arm-none-eabi/lib/armv7-m\libm.a(lib_a-s_matherr.o)
 .debug_frame   0x00002a50       0x20 d:/koulu/laitteet/psoc/psoc creator/4.1/psoc creator/import/gnu/arm/5.4.1/bin/../lib/gcc/arm-none-eabi/5.4.1/../../../../arm-none-eabi/lib/armv7-m\libm.a(lib_a-s_nan.o)
 .debug_frame   0x00002a70       0x3c d:/koulu/laitteet/psoc/psoc creator/4.1/psoc creator/import/gnu/arm/5.4.1/bin/../lib/gcc/arm-none-eabi/5.4.1/../../../../arm-none-eabi/lib/armv7-m\libm.a(lib_a-s_rint.o)
 .debug_frame   0x00002aac       0x30 d:/koulu/laitteet/psoc/psoc creator/4.1/psoc creator/import/gnu/arm/5.4.1/bin/../lib/gcc/arm-none-eabi/5.4.1/../../../../arm-none-eabi/lib/armv7-m\libm.a(lib_a-s_scalbn.o)
 .debug_frame   0x00002adc       0x20 d:/koulu/laitteet/psoc/psoc creator/4.1/psoc creator/import/gnu/arm/5.4.1/bin/../lib/gcc/arm-none-eabi/5.4.1/../../../../arm-none-eabi/lib/armv7-m\libm.a(lib_a-s_copysign.o)
 .debug_frame   0x00002afc       0x44 d:/koulu/laitteet/psoc/psoc creator/4.1/psoc creator/import/gnu/arm/5.4.1/bin/../lib/gcc/arm-none-eabi/5.4.1/armv7-m\libgcc.a(_aeabi_ldivmod.o)
 .debug_frame   0x00002b40       0x38 d:/koulu/laitteet/psoc/psoc creator/4.1/psoc creator/import/gnu/arm/5.4.1/bin/../lib/gcc/arm-none-eabi/5.4.1/armv7-m\libgcc.a(_udivmoddi4.o)
 .debug_frame   0x00002b78       0x20 d:/koulu/laitteet/psoc/psoc creator/4.1/psoc creator/import/gnu/arm/5.4.1/bin/../lib/gcc/arm-none-eabi/5.4.1/../../../../arm-none-eabi/lib/armv7-m\libg.a(lib_a-errno.o)
 .debug_frame   0x00002b98       0x28 d:/koulu/laitteet/psoc/psoc creator/4.1/psoc creator/import/gnu/arm/5.4.1/bin/../lib/gcc/arm-none-eabi/5.4.1/../../../../arm-none-eabi/lib/armv7-m\libg.a(lib_a-exit.o)
 .debug_frame   0x00002bc0       0x2c d:/koulu/laitteet/psoc/psoc creator/4.1/psoc creator/import/gnu/arm/5.4.1/bin/../lib/gcc/arm-none-eabi/5.4.1/../../../../arm-none-eabi/lib/armv7-m\libg.a(lib_a-init.o)
 .debug_frame   0x00002bec       0x34 d:/koulu/laitteet/psoc/psoc creator/4.1/psoc creator/import/gnu/arm/5.4.1/bin/../lib/gcc/arm-none-eabi/5.4.1/../../../../arm-none-eabi/lib/armv7-m\libg.a(lib_a-memset.o)
 .debug_frame   0x00002c20       0x78 d:/koulu/laitteet/psoc/psoc creator/4.1/psoc creator/import/gnu/arm/5.4.1/bin/../lib/gcc/arm-none-eabi/5.4.1/../../../../arm-none-eabi/lib/armv7-m\libg.a(lib_a-printf.o)
 .debug_frame   0x00002c98       0x48 d:/koulu/laitteet/psoc/psoc creator/4.1/psoc creator/import/gnu/arm/5.4.1/bin/../lib/gcc/arm-none-eabi/5.4.1/../../../../arm-none-eabi/lib/armv7-m\libg.a(lib_a-puts.o)
 .debug_frame   0x00002ce0       0x20 d:/koulu/laitteet/psoc/psoc creator/4.1/psoc creator/import/gnu/arm/5.4.1/bin/../lib/gcc/arm-none-eabi/5.4.1/../../../../arm-none-eabi/lib/armv7-m\libg.a(lib_a-strlen-stub.o)
 .debug_frame   0x00002d00       0x88 d:/koulu/laitteet/psoc/psoc creator/4.1/psoc creator/import/gnu/arm/5.4.1/bin/../lib/gcc/arm-none-eabi/5.4.1/../../../../arm-none-eabi/lib/armv7-m\libg.a(lib_a-vfprintf.o)
 .debug_frame   0x00002d88       0x2c d:/koulu/laitteet/psoc/psoc creator/4.1/psoc creator/import/gnu/arm/5.4.1/bin/../lib/gcc/arm-none-eabi/5.4.1/../../../../arm-none-eabi/lib/armv7-m\libg.a(lib_a-wsetup.o)
 .debug_frame   0x00002db4       0x50 d:/koulu/laitteet/psoc/psoc creator/4.1/psoc creator/import/gnu/arm/5.4.1/bin/../lib/gcc/arm-none-eabi/5.4.1/../../../../arm-none-eabi/lib/armv7-m\libg.a(lib_a-__call_atexit.o)
 .debug_frame   0x00002e04       0x20 d:/koulu/laitteet/psoc/psoc creator/4.1/psoc creator/import/gnu/arm/5.4.1/bin/../lib/gcc/arm-none-eabi/5.4.1/../../../../arm-none-eabi/lib/armv7-m\libg.a(lib_a-atexit.o)
 .debug_frame   0x00002e24       0x84 d:/koulu/laitteet/psoc/psoc creator/4.1/psoc creator/import/gnu/arm/5.4.1/bin/../lib/gcc/arm-none-eabi/5.4.1/../../../../arm-none-eabi/lib/armv7-m\libg.a(lib_a-dtoa.o)
 .debug_frame   0x00002ea8       0x6c d:/koulu/laitteet/psoc/psoc creator/4.1/psoc creator/import/gnu/arm/5.4.1/bin/../lib/gcc/arm-none-eabi/5.4.1/../../../../arm-none-eabi/lib/armv7-m\libg.a(lib_a-fflush.o)
 .debug_frame   0x00002f14      0x124 d:/koulu/laitteet/psoc/psoc creator/4.1/psoc creator/import/gnu/arm/5.4.1/bin/../lib/gcc/arm-none-eabi/5.4.1/../../../../arm-none-eabi/lib/armv7-m\libg.a(lib_a-findfp.o)
 .debug_frame   0x00003038       0x34 d:/koulu/laitteet/psoc/psoc creator/4.1/psoc creator/import/gnu/arm/5.4.1/bin/../lib/gcc/arm-none-eabi/5.4.1/../../../../arm-none-eabi/lib/armv7-m\libg.a(lib_a-fini.o)
 .debug_frame   0x0000306c       0x74 d:/koulu/laitteet/psoc/psoc creator/4.1/psoc creator/import/gnu/arm/5.4.1/bin/../lib/gcc/arm-none-eabi/5.4.1/../../../../arm-none-eabi/lib/armv7-m\libg.a(lib_a-freer.o)
 .debug_frame   0x000030e0       0x68 d:/koulu/laitteet/psoc/psoc creator/4.1/psoc creator/import/gnu/arm/5.4.1/bin/../lib/gcc/arm-none-eabi/5.4.1/../../../../arm-none-eabi/lib/armv7-m\libg.a(lib_a-fvwrite.o)
 .debug_frame   0x00003148       0x54 d:/koulu/laitteet/psoc/psoc creator/4.1/psoc creator/import/gnu/arm/5.4.1/bin/../lib/gcc/arm-none-eabi/5.4.1/../../../../arm-none-eabi/lib/armv7-m\libg.a(lib_a-fwalk.o)
 .debug_frame   0x0000319c       0x9c d:/koulu/laitteet/psoc/psoc creator/4.1/psoc creator/import/gnu/arm/5.4.1/bin/../lib/gcc/arm-none-eabi/5.4.1/../../../../arm-none-eabi/lib/armv7-m\libg.a(lib_a-locale.o)
 .debug_frame   0x00003238       0x68 d:/koulu/laitteet/psoc/psoc creator/4.1/psoc creator/import/gnu/arm/5.4.1/bin/../lib/gcc/arm-none-eabi/5.4.1/../../../../arm-none-eabi/lib/armv7-m\libg.a(lib_a-makebuf.o)
 .debug_frame   0x000032a0       0x54 d:/koulu/laitteet/psoc/psoc creator/4.1/psoc creator/import/gnu/arm/5.4.1/bin/../lib/gcc/arm-none-eabi/5.4.1/../../../../arm-none-eabi/lib/armv7-m\libg.a(lib_a-mallocr.o)
 .debug_frame   0x000032f4       0x34 d:/koulu/laitteet/psoc/psoc creator/4.1/psoc creator/import/gnu/arm/5.4.1/bin/../lib/gcc/arm-none-eabi/5.4.1/../../../../arm-none-eabi/lib/armv7-m\libg.a(lib_a-memchr-stub.o)
 .debug_frame   0x00003328       0x30 d:/koulu/laitteet/psoc/psoc creator/4.1/psoc creator/import/gnu/arm/5.4.1/bin/../lib/gcc/arm-none-eabi/5.4.1/../../../../arm-none-eabi/lib/armv7-m\libg.a(lib_a-memmove.o)
 .debug_frame   0x00003358       0x30 d:/koulu/laitteet/psoc/psoc creator/4.1/psoc creator/import/gnu/arm/5.4.1/bin/../lib/gcc/arm-none-eabi/5.4.1/../../../../arm-none-eabi/lib/armv7-m\libg.a(lib_a-mlock.o)
 .debug_frame   0x00003388      0x264 d:/koulu/laitteet/psoc/psoc creator/4.1/psoc creator/import/gnu/arm/5.4.1/bin/../lib/gcc/arm-none-eabi/5.4.1/../../../../arm-none-eabi/lib/armv7-m\libg.a(lib_a-mprec.o)
 .debug_frame   0x000035ec       0x58 d:/koulu/laitteet/psoc/psoc creator/4.1/psoc creator/import/gnu/arm/5.4.1/bin/../lib/gcc/arm-none-eabi/5.4.1/../../../../arm-none-eabi/lib/armv7-m\libg.a(lib_a-reallocr.o)
 .debug_frame   0x00003644       0x2c d:/koulu/laitteet/psoc/psoc creator/4.1/psoc creator/import/gnu/arm/5.4.1/bin/../lib/gcc/arm-none-eabi/5.4.1/../../../../arm-none-eabi/lib/armv7-m\libg.a(lib_a-sbrkr.o)
 .debug_frame   0x00003670       0x88 d:/koulu/laitteet/psoc/psoc creator/4.1/psoc creator/import/gnu/arm/5.4.1/bin/../lib/gcc/arm-none-eabi/5.4.1/../../../../arm-none-eabi/lib/armv7-m\libg.a(lib_a-stdio.o)
 .debug_frame   0x000036f8       0x34 d:/koulu/laitteet/psoc/psoc creator/4.1/psoc creator/import/gnu/arm/5.4.1/bin/../lib/gcc/arm-none-eabi/5.4.1/../../../../arm-none-eabi/lib/armv7-m\libg.a(lib_a-strcmp.o)
 .debug_frame   0x0000372c       0xc8 d:/koulu/laitteet/psoc/psoc creator/4.1/psoc creator/import/gnu/arm/5.4.1/bin/../lib/gcc/arm-none-eabi/5.4.1/../../../../arm-none-eabi/lib/armv7-m\libg.a(lib_a-vfiprintf.o)
 .debug_frame   0x000037f4       0x2c d:/koulu/laitteet/psoc/psoc creator/4.1/psoc creator/import/gnu/arm/5.4.1/bin/../lib/gcc/arm-none-eabi/5.4.1/../../../../arm-none-eabi/lib/armv7-m\libg.a(lib_a-writer.o)
 .debug_frame   0x00003820       0x34 d:/koulu/laitteet/psoc/psoc creator/4.1/psoc creator/import/gnu/arm/5.4.1/bin/../lib/gcc/arm-none-eabi/5.4.1/../../../../arm-none-eabi/lib/armv7-m\libg.a(lib_a-__atexit.o)
 .debug_frame   0x00003854       0x28 d:/koulu/laitteet/psoc/psoc creator/4.1/psoc creator/import/gnu/arm/5.4.1/bin/../lib/gcc/arm-none-eabi/5.4.1/../../../../arm-none-eabi/lib/armv7-m\libg.a(lib_a-callocr.o)
 .debug_frame   0x0000387c       0x2c d:/koulu/laitteet/psoc/psoc creator/4.1/psoc creator/import/gnu/arm/5.4.1/bin/../lib/gcc/arm-none-eabi/5.4.1/../../../../arm-none-eabi/lib/armv7-m\libg.a(lib_a-closer.o)
 .debug_frame   0x000038a8       0x44 d:/koulu/laitteet/psoc/psoc creator/4.1/psoc creator/import/gnu/arm/5.4.1/bin/../lib/gcc/arm-none-eabi/5.4.1/../../../../arm-none-eabi/lib/armv7-m\libg.a(lib_a-fclose.o)
 .debug_frame   0x000038ec       0x88 d:/koulu/laitteet/psoc/psoc creator/4.1/psoc creator/import/gnu/arm/5.4.1/bin/../lib/gcc/arm-none-eabi/5.4.1/../../../../arm-none-eabi/lib/armv7-m\libg.a(lib_a-fputwc.o)
 .debug_frame   0x00003974       0x2c d:/koulu/laitteet/psoc/psoc creator/4.1/psoc creator/import/gnu/arm/5.4.1/bin/../lib/gcc/arm-none-eabi/5.4.1/../../../../arm-none-eabi/lib/armv7-m\libg.a(lib_a-fstatr.o)
 .debug_frame   0x000039a0       0x2c d:/koulu/laitteet/psoc/psoc creator/4.1/psoc creator/import/gnu/arm/5.4.1/bin/../lib/gcc/arm-none-eabi/5.4.1/../../../../arm-none-eabi/lib/armv7-m\libg.a(lib_a-isattyr.o)
 .debug_frame   0x000039cc       0x2c d:/koulu/laitteet/psoc/psoc creator/4.1/psoc creator/import/gnu/arm/5.4.1/bin/../lib/gcc/arm-none-eabi/5.4.1/../../../../arm-none-eabi/lib/armv7-m\libg.a(lib_a-lseekr.o)
 .debug_frame   0x000039f8       0x2c d:/koulu/laitteet/psoc/psoc creator/4.1/psoc creator/import/gnu/arm/5.4.1/bin/../lib/gcc/arm-none-eabi/5.4.1/../../../../arm-none-eabi/lib/armv7-m\libg.a(lib_a-readr.o)
 .debug_frame   0x00003a24       0x58 d:/koulu/laitteet/psoc/psoc creator/4.1/psoc creator/import/gnu/arm/5.4.1/bin/../lib/gcc/arm-none-eabi/5.4.1/../../../../arm-none-eabi/lib/armv7-m\libg.a(lib_a-reent.o)
 .debug_frame   0x00003a7c       0x40 d:/koulu/laitteet/psoc/psoc creator/4.1/psoc creator/import/gnu/arm/5.4.1/bin/../lib/gcc/arm-none-eabi/5.4.1/../../../../arm-none-eabi/lib/armv7-m\libg.a(lib_a-wbuf.o)
 .debug_frame   0x00003abc       0x60 d:/koulu/laitteet/psoc/psoc creator/4.1/psoc creator/import/gnu/arm/5.4.1/bin/../lib/gcc/arm-none-eabi/5.4.1/../../../../arm-none-eabi/lib/armv7-m\libg.a(lib_a-wcrtomb.o)
 .debug_frame   0x00003b1c       0x48 d:/koulu/laitteet/psoc/psoc creator/4.1/psoc creator/import/gnu/arm/5.4.1/bin/../lib/gcc/arm-none-eabi/5.4.1/../../../../arm-none-eabi/lib/armv7-m\libg.a(lib_a-wctomb_r.o)
 .debug_frame   0x00003b64       0x2c d:/koulu/laitteet/psoc/psoc creator/4.1/psoc creator/import/gnu/arm/5.4.1/bin/../lib/gcc/arm-none-eabi/5.4.1/armv7-m\libgcc.a(_aeabi_uldivmod.o)
 .debug_frame   0x00003b90       0x20 d:/koulu/laitteet/psoc/psoc creator/4.1/psoc creator/import/gnu/arm/5.4.1/bin/../lib/gcc/arm-none-eabi/5.4.1/../../../../arm-none-eabi/lib/armv7-m\libnosys.a(close.o)
 .debug_frame   0x00003bb0       0x20 d:/koulu/laitteet/psoc/psoc creator/4.1/psoc creator/import/gnu/arm/5.4.1/bin/../lib/gcc/arm-none-eabi/5.4.1/../../../../arm-none-eabi/lib/armv7-m\libnosys.a(fstat.o)
 .debug_frame   0x00003bd0       0x20 d:/koulu/laitteet/psoc/psoc creator/4.1/psoc creator/import/gnu/arm/5.4.1/bin/../lib/gcc/arm-none-eabi/5.4.1/../../../../arm-none-eabi/lib/armv7-m\libnosys.a(isatty.o)
 .debug_frame   0x00003bf0       0x20 d:/koulu/laitteet/psoc/psoc creator/4.1/psoc creator/import/gnu/arm/5.4.1/bin/../lib/gcc/arm-none-eabi/5.4.1/../../../../arm-none-eabi/lib/armv7-m\libnosys.a(lseek.o)

.debug_str      0x00000000     0x337d
 *(.debug_str)
 .debug_str     0x00000000      0x299 .\CortexM3\ARM_GCC_541\Debug\main.o
                                0x30c (size before relaxing)
 .debug_str     0x00000299       0x5e .\CortexM3\ARM_GCC_541\Debug\Accel.o
                                0x1ed (size before relaxing)
 .debug_str     0x000002f7       0x2a .\CortexM3\ARM_GCC_541\Debug\Ambient.o
                                0x1a1 (size before relaxing)
 .debug_str     0x00000321       0x39 .\CortexM3\ARM_GCC_541\Debug\Gyro.o
                                0x1cf (size before relaxing)
 .debug_str     0x0000035a       0xa7 .\CortexM3\ARM_GCC_541\Debug\I2C_made.o
                                0x251 (size before relaxing)
 .debug_str     0x00000401       0x6f .\CortexM3\ARM_GCC_541\Debug\IR.o
                                0x204 (size before relaxing)
 .debug_str     0x00000470       0x1d .\CortexM3\ARM_GCC_541\Debug\Magnet.o
                                0x1c8 (size before relaxing)
 .debug_str     0x0000048d       0xbb .\CortexM3\ARM_GCC_541\Debug\Motor.o
                                0x28e (size before relaxing)
 .debug_str     0x00000548       0x52 .\CortexM3\ARM_GCC_541\Debug\Nunchuk.o
                                0x244 (size before relaxing)
 .debug_str     0x0000059a      0x28e .\CortexM3\ARM_GCC_541\Debug\Reflectance.o
                                0x46f (size before relaxing)
 .debug_str     0x00000828      0x283 .\CortexM3\ARM_GCC_541\Debug\Ultra.o
                                0x456 (size before relaxing)
 .debug_str     0x00000aab       0x75 .\CortexM3\ARM_GCC_541\Debug\Beep.o
                                0x219 (size before relaxing)
 .debug_str     0x00000b20        0x8 .\CortexM3\ARM_GCC_541\Debug\Drive.o
                                0x45d (size before relaxing)
 .debug_str     0x00000b28      0x18e .\CortexM3\ARM_GCC_541\Debug\cyfitter_cfg.o
                                0x343 (size before relaxing)
 .debug_str     0x00000cb6       0x75 .\CortexM3\ARM_GCC_541\Debug\cymetadata.o
                                0x1d9 (size before relaxing)
 .debug_str     0x00000d2b      0x13f .\CortexM3\ARM_GCC_541\Debug\Cm3Start.o
                                0x2ff (size before relaxing)
 .debug_str     0x00000e6a       0xeb .\CortexM3\ARM_GCC_541\Debug\ZumoBot.a(PWM.o)
                                0x345 (size before relaxing)
 .debug_str     0x00000f55       0xfd .\CortexM3\ARM_GCC_541\Debug\ZumoBot.a(I2C.o)
                                0x2d6 (size before relaxing)
 .debug_str     0x00001052       0x86 .\CortexM3\ARM_GCC_541\Debug\ZumoBot.a(I2C_INT.o)
                                0x254 (size before relaxing)
 .debug_str     0x000010d8       0x56 .\CortexM3\ARM_GCC_541\Debug\ZumoBot.a(I2C_PM.o)
                                0x272 (size before relaxing)
 .debug_str     0x0000112e      0x129 .\CortexM3\ARM_GCC_541\Debug\ZumoBot.a(I2C_MASTER.o)
                                0x399 (size before relaxing)
 .debug_str     0x00001257      0x7a7 .\CortexM3\ARM_GCC_541\Debug\ZumoBot.a(CyLib.o)
                                0xa3c (size before relaxing)
 .debug_str     0x000019fe      0x359 .\CortexM3\ARM_GCC_541\Debug\ZumoBot.a(cyPm.o)
                                0x71c (size before relaxing)
 .debug_str     0x00001d57       0x76 .\CortexM3\ARM_GCC_541\Debug\ZumoBot.a(MotorDirLeft.o)
                                0x1fa (size before relaxing)
 .debug_str     0x00001dcd       0x6f .\CortexM3\ARM_GCC_541\Debug\ZumoBot.a(MotorDirRight.o)
                                0x1ff (size before relaxing)
 .debug_str     0x00001e3c      0x119 .\CortexM3\ARM_GCC_541\Debug\ZumoBot.a(sensor_isr.o)
                                0x2e1 (size before relaxing)
 .debug_str     0x00001f55      0x2b2 .\CortexM3\ARM_GCC_541\Debug\ZumoBot.a(UART_1.o)
                                0x4a8 (size before relaxing)
 .debug_str     0x00002207      0x21b .\CortexM3\ARM_GCC_541\Debug\ZumoBot.a(ADC_Battery.o)
                                0x4e4 (size before relaxing)
 .debug_str     0x00002422       0x39 .\CortexM3\ARM_GCC_541\Debug\ZumoBot.a(ADC_Battery_INT.o)
                                0x194 (size before relaxing)
 .debug_str     0x0000245b       0x63 .\CortexM3\ARM_GCC_541\Debug\ZumoBot.a(BatteryLed.o)
                                0x1f0 (size before relaxing)
 .debug_str     0x000024be       0x68 .\CortexM3\ARM_GCC_541\Debug\ZumoBot.a(IR_receiver.o)
                                0x1f5 (size before relaxing)
 .debug_str     0x00002526       0x4b .\CortexM3\ARM_GCC_541\Debug\ZumoBot.a(Trig.o)
                                0x1d2 (size before relaxing)
 .debug_str     0x00002571       0xf3 .\CortexM3\ARM_GCC_541\Debug\ZumoBot.a(Timer.o)
                                0x31a (size before relaxing)
 .debug_str     0x00002664       0x4c .\CortexM3\ARM_GCC_541\Debug\ZumoBot.a(Echo.o)
                                0x1d2 (size before relaxing)
 .debug_str     0x000026b0      0x10c .\CortexM3\ARM_GCC_541\Debug\ZumoBot.a(ultra_isr.o)
                                0x2d3 (size before relaxing)
 .debug_str     0x000027bc      0x197 .\CortexM3\ARM_GCC_541\Debug\ZumoBot.a(UART_1_IntClock.o)
                                0x343 (size before relaxing)
 .debug_str     0x00002953      0x183 .\CortexM3\ARM_GCC_541\Debug\ZumoBot.a(ADC_Battery_theACLK.o)
                                0x373 (size before relaxing)
 .debug_str     0x00002ad6      0x10b .\CortexM3\ARM_GCC_541\Debug\ZumoBot.a(Buzzer_PWM.o)
                                0x301 (size before relaxing)
 .debug_str     0x00002be1       0x33 .\CortexM3\ARM_GCC_541\Debug\ZumoBot.a(L3.o)
                                0x1c8 (size before relaxing)
 .debug_str     0x00002c14      0x119 .\CortexM3\ARM_GCC_541\Debug\ZumoBot.a(Timer_L3.o)
                                0x31a (size before relaxing)
 .debug_str     0x00002d2d      0x10d .\CortexM3\ARM_GCC_541\Debug\ZumoBot.a(Timer_R3.o)
                                0x31a (size before relaxing)
 .debug_str     0x00002e3a      0x10d .\CortexM3\ARM_GCC_541\Debug\ZumoBot.a(Timer_R1.o)
                                0x31a (size before relaxing)
 .debug_str     0x00002f47       0x33 .\CortexM3\ARM_GCC_541\Debug\ZumoBot.a(R1.o)
                                0x1c8 (size before relaxing)
 .debug_str     0x00002f7a       0x33 .\CortexM3\ARM_GCC_541\Debug\ZumoBot.a(R3.o)
                                0x1c8 (size before relaxing)
 .debug_str     0x00002fad      0x10d .\CortexM3\ARM_GCC_541\Debug\ZumoBot.a(Timer_L1.o)
                                0x31a (size before relaxing)
 .debug_str     0x000030ba       0x33 .\CortexM3\ARM_GCC_541\Debug\ZumoBot.a(L1.o)
                                0x1c8 (size before relaxing)
 .debug_str     0x000030ed       0x48 .\CortexM3\ARM_GCC_541\Debug\ZumoBot.a(SW1.o)
                                0x1cd (size before relaxing)
 .debug_str     0x00003135      0x19c .\CortexM3\ARM_GCC_541\Debug\ZumoBot.a(CyFlash.o)
                                0x396 (size before relaxing)
 .debug_str     0x000032d1       0xac .\CortexM3\ARM_GCC_541\Debug\ZumoBot.a(CySpc.o)
                                0x31f (size before relaxing)

.debug_loc      0x00000000     0x32fd
 *(.debug_loc)
 .debug_loc     0x00000000      0x1cd .\CortexM3\ARM_GCC_541\Debug\main.o
 .debug_loc     0x000001cd       0x63 .\CortexM3\ARM_GCC_541\Debug\Accel.o
 .debug_loc     0x00000230      0x154 .\CortexM3\ARM_GCC_541\Debug\Ambient.o
 .debug_loc     0x00000384       0x34 .\CortexM3\ARM_GCC_541\Debug\Gyro.o
 .debug_loc     0x000003b8       0xe0 .\CortexM3\ARM_GCC_541\Debug\I2C_made.o
 .debug_loc     0x00000498       0xf3 .\CortexM3\ARM_GCC_541\Debug\IR.o
 .debug_loc     0x0000058b       0x50 .\CortexM3\ARM_GCC_541\Debug\Magnet.o
 .debug_loc     0x000005db      0x15f .\CortexM3\ARM_GCC_541\Debug\Motor.o
 .debug_loc     0x0000073a       0x31 .\CortexM3\ARM_GCC_541\Debug\Nunchuk.o
 .debug_loc     0x0000076b       0x8e .\CortexM3\ARM_GCC_541\Debug\Reflectance.o
 .debug_loc     0x000007f9       0x6a .\CortexM3\ARM_GCC_541\Debug\Ultra.o
 .debug_loc     0x00000863       0x3f .\CortexM3\ARM_GCC_541\Debug\Beep.o
 .debug_loc     0x000008a2       0x8e .\CortexM3\ARM_GCC_541\Debug\Drive.o
 .debug_loc     0x00000930      0x27f .\CortexM3\ARM_GCC_541\Debug\cyfitter_cfg.o
 .debug_loc     0x00000baf      0x144 .\CortexM3\ARM_GCC_541\Debug\Cm3Start.o
 .debug_loc     0x00000cf3       0x26 .\CortexM3\ARM_GCC_541\Debug\ZumoBot.a(PWM.o)
 .debug_loc     0x00000d19       0x39 .\CortexM3\ARM_GCC_541\Debug\ZumoBot.a(I2C.o)
 .debug_loc     0x00000d52       0x29 .\CortexM3\ARM_GCC_541\Debug\ZumoBot.a(I2C_INT.o)
 .debug_loc     0x00000d7b       0x13 .\CortexM3\ARM_GCC_541\Debug\ZumoBot.a(I2C_PM.o)
 .debug_loc     0x00000d8e      0x52f .\CortexM3\ARM_GCC_541\Debug\ZumoBot.a(I2C_MASTER.o)
 .debug_loc     0x000012bd      0xa11 .\CortexM3\ARM_GCC_541\Debug\ZumoBot.a(CyLib.o)
 .debug_loc     0x00001cce      0x1e4 .\CortexM3\ARM_GCC_541\Debug\ZumoBot.a(cyPm.o)
 .debug_loc     0x00001eb2       0x42 .\CortexM3\ARM_GCC_541\Debug\ZumoBot.a(MotorDirLeft.o)
 .debug_loc     0x00001ef4       0x42 .\CortexM3\ARM_GCC_541\Debug\ZumoBot.a(MotorDirRight.o)
 .debug_loc     0x00001f36       0x56 .\CortexM3\ARM_GCC_541\Debug\ZumoBot.a(sensor_isr.o)
 .debug_loc     0x00001f8c      0x258 .\CortexM3\ARM_GCC_541\Debug\ZumoBot.a(UART_1.o)
 .debug_loc     0x000021e4      0x295 .\CortexM3\ARM_GCC_541\Debug\ZumoBot.a(ADC_Battery.o)
 .debug_loc     0x00002479       0x42 .\CortexM3\ARM_GCC_541\Debug\ZumoBot.a(BatteryLed.o)
 .debug_loc     0x000024bb       0x42 .\CortexM3\ARM_GCC_541\Debug\ZumoBot.a(IR_receiver.o)
 .debug_loc     0x000024fd       0x42 .\CortexM3\ARM_GCC_541\Debug\ZumoBot.a(Trig.o)
 .debug_loc     0x0000253f       0x36 .\CortexM3\ARM_GCC_541\Debug\ZumoBot.a(Timer.o)
 .debug_loc     0x00002575       0x42 .\CortexM3\ARM_GCC_541\Debug\ZumoBot.a(Echo.o)
 .debug_loc     0x000025b7       0x56 .\CortexM3\ARM_GCC_541\Debug\ZumoBot.a(ultra_isr.o)
 .debug_loc     0x0000260d      0x128 .\CortexM3\ARM_GCC_541\Debug\ZumoBot.a(UART_1_IntClock.o)
 .debug_loc     0x00002735      0x12c .\CortexM3\ARM_GCC_541\Debug\ZumoBot.a(ADC_Battery_theACLK.o)
 .debug_loc     0x00002861       0x13 .\CortexM3\ARM_GCC_541\Debug\ZumoBot.a(Buzzer_PWM.o)
 .debug_loc     0x00002874       0x42 .\CortexM3\ARM_GCC_541\Debug\ZumoBot.a(L3.o)
 .debug_loc     0x000028b6       0x42 .\CortexM3\ARM_GCC_541\Debug\ZumoBot.a(R1.o)
 .debug_loc     0x000028f8       0x42 .\CortexM3\ARM_GCC_541\Debug\ZumoBot.a(R3.o)
 .debug_loc     0x0000293a       0x42 .\CortexM3\ARM_GCC_541\Debug\ZumoBot.a(L1.o)
 .debug_loc     0x0000297c       0x42 .\CortexM3\ARM_GCC_541\Debug\ZumoBot.a(SW1.o)
 .debug_loc     0x000029be      0x2f2 .\CortexM3\ARM_GCC_541\Debug\ZumoBot.a(CyFlash.o)
 .debug_loc     0x00002cb0      0x64d .\CortexM3\ARM_GCC_541\Debug\ZumoBot.a(CySpc.o)

.debug_macinfo
 *(.debug_macinfo)

.debug_ranges   0x00000000      0xf28
 *(.debug_ranges)
 .debug_ranges  0x00000000       0x28 .\CortexM3\ARM_GCC_541\Debug\main.o
 .debug_ranges  0x00000028       0x10 .\CortexM3\ARM_GCC_541\Debug\Accel.o
 .debug_ranges  0x00000038       0x10 .\CortexM3\ARM_GCC_541\Debug\Ambient.o
 .debug_ranges  0x00000048       0x10 .\CortexM3\ARM_GCC_541\Debug\Gyro.o
 .debug_ranges  0x00000058       0x20 .\CortexM3\ARM_GCC_541\Debug\I2C_made.o
 .debug_ranges  0x00000078       0x30 .\CortexM3\ARM_GCC_541\Debug\IR.o
 .debug_ranges  0x000000a8       0x10 .\CortexM3\ARM_GCC_541\Debug\Magnet.o
 .debug_ranges  0x000000b8       0x38 .\CortexM3\ARM_GCC_541\Debug\Motor.o
 .debug_ranges  0x000000f0       0x20 .\CortexM3\ARM_GCC_541\Debug\Nunchuk.o
 .debug_ranges  0x00000110       0x30 .\CortexM3\ARM_GCC_541\Debug\Reflectance.o
 .debug_ranges  0x00000140       0x28 .\CortexM3\ARM_GCC_541\Debug\Ultra.o
 .debug_ranges  0x00000168       0x10 .\CortexM3\ARM_GCC_541\Debug\Beep.o
 .debug_ranges  0x00000178       0x30 .\CortexM3\ARM_GCC_541\Debug\Drive.o
 .debug_ranges  0x000001a8       0x48 .\CortexM3\ARM_GCC_541\Debug\cyfitter_cfg.o
 .debug_ranges  0x000001f0       0x38 .\CortexM3\ARM_GCC_541\Debug\Cm3Start.o
 .debug_ranges  0x00000228       0x98 .\CortexM3\ARM_GCC_541\Debug\ZumoBot.a(PWM.o)
 .debug_ranges  0x000002c0       0x28 .\CortexM3\ARM_GCC_541\Debug\ZumoBot.a(I2C.o)
 .debug_ranges  0x000002e8       0x10 .\CortexM3\ARM_GCC_541\Debug\ZumoBot.a(I2C_INT.o)
 .debug_ranges  0x000002f8       0x28 .\CortexM3\ARM_GCC_541\Debug\ZumoBot.a(I2C_PM.o)
 .debug_ranges  0x00000320       0x70 .\CortexM3\ARM_GCC_541\Debug\ZumoBot.a(I2C_MASTER.o)
 .debug_ranges  0x00000390      0x290 .\CortexM3\ARM_GCC_541\Debug\ZumoBot.a(CyLib.o)
 .debug_ranges  0x00000620       0x88 .\CortexM3\ARM_GCC_541\Debug\ZumoBot.a(cyPm.o)
 .debug_ranges  0x000006a8       0x28 .\CortexM3\ARM_GCC_541\Debug\ZumoBot.a(MotorDirLeft.o)
 .debug_ranges  0x000006d0       0x28 .\CortexM3\ARM_GCC_541\Debug\ZumoBot.a(MotorDirRight.o)
 .debug_ranges  0x000006f8       0x70 .\CortexM3\ARM_GCC_541\Debug\ZumoBot.a(sensor_isr.o)
 .debug_ranges  0x00000768       0xe0 .\CortexM3\ARM_GCC_541\Debug\ZumoBot.a(UART_1.o)
 .debug_ranges  0x00000848       0x98 .\CortexM3\ARM_GCC_541\Debug\ZumoBot.a(ADC_Battery.o)
 .debug_ranges  0x000008e0       0x10 .\CortexM3\ARM_GCC_541\Debug\ZumoBot.a(ADC_Battery_INT.o)
 .debug_ranges  0x000008f0       0x28 .\CortexM3\ARM_GCC_541\Debug\ZumoBot.a(BatteryLed.o)
 .debug_ranges  0x00000918       0x28 .\CortexM3\ARM_GCC_541\Debug\ZumoBot.a(IR_receiver.o)
 .debug_ranges  0x00000940       0x28 .\CortexM3\ARM_GCC_541\Debug\ZumoBot.a(Trig.o)
 .debug_ranges  0x00000968       0x78 .\CortexM3\ARM_GCC_541\Debug\ZumoBot.a(Timer.o)
 .debug_ranges  0x000009e0       0x28 .\CortexM3\ARM_GCC_541\Debug\ZumoBot.a(Echo.o)
 .debug_ranges  0x00000a08       0x70 .\CortexM3\ARM_GCC_541\Debug\ZumoBot.a(ultra_isr.o)
 .debug_ranges  0x00000a78       0x60 .\CortexM3\ARM_GCC_541\Debug\ZumoBot.a(UART_1_IntClock.o)
 .debug_ranges  0x00000ad8       0x60 .\CortexM3\ARM_GCC_541\Debug\ZumoBot.a(ADC_Battery_theACLK.o)
 .debug_ranges  0x00000b38       0x70 .\CortexM3\ARM_GCC_541\Debug\ZumoBot.a(Buzzer_PWM.o)
 .debug_ranges  0x00000ba8       0x28 .\CortexM3\ARM_GCC_541\Debug\ZumoBot.a(L3.o)
 .debug_ranges  0x00000bd0       0x78 .\CortexM3\ARM_GCC_541\Debug\ZumoBot.a(Timer_L3.o)
 .debug_ranges  0x00000c48       0x78 .\CortexM3\ARM_GCC_541\Debug\ZumoBot.a(Timer_R3.o)
 .debug_ranges  0x00000cc0       0x78 .\CortexM3\ARM_GCC_541\Debug\ZumoBot.a(Timer_R1.o)
 .debug_ranges  0x00000d38       0x28 .\CortexM3\ARM_GCC_541\Debug\ZumoBot.a(R1.o)
 .debug_ranges  0x00000d60       0x28 .\CortexM3\ARM_GCC_541\Debug\ZumoBot.a(R3.o)
 .debug_ranges  0x00000d88       0x78 .\CortexM3\ARM_GCC_541\Debug\ZumoBot.a(Timer_L1.o)
 .debug_ranges  0x00000e00       0x28 .\CortexM3\ARM_GCC_541\Debug\ZumoBot.a(L1.o)
 .debug_ranges  0x00000e28       0x28 .\CortexM3\ARM_GCC_541\Debug\ZumoBot.a(SW1.o)
 .debug_ranges  0x00000e50       0x70 .\CortexM3\ARM_GCC_541\Debug\ZumoBot.a(CyFlash.o)
 .debug_ranges  0x00000ec0       0x68 .\CortexM3\ARM_GCC_541\Debug\ZumoBot.a(CySpc.o)

.comment        0x00000000       0x6e
 .comment       0x00000000       0x6e .\CortexM3\ARM_GCC_541\Debug\main.o
                                 0x6f (size before relaxing)
 .comment       0x0000006e       0x6f .\CortexM3\ARM_GCC_541\Debug\Accel.o
 .comment       0x0000006e       0x6f .\CortexM3\ARM_GCC_541\Debug\Ambient.o
 .comment       0x0000006e       0x6f .\CortexM3\ARM_GCC_541\Debug\Gyro.o
 .comment       0x0000006e       0x6f .\CortexM3\ARM_GCC_541\Debug\I2C_made.o
 .comment       0x0000006e       0x6f .\CortexM3\ARM_GCC_541\Debug\IR.o
 .comment       0x0000006e       0x6f .\CortexM3\ARM_GCC_541\Debug\Magnet.o
 .comment       0x0000006e       0x6f .\CortexM3\ARM_GCC_541\Debug\Motor.o
 .comment       0x0000006e       0x6f .\CortexM3\ARM_GCC_541\Debug\Nunchuk.o
 .comment       0x0000006e       0x6f .\CortexM3\ARM_GCC_541\Debug\Reflectance.o
 .comment       0x0000006e       0x6f .\CortexM3\ARM_GCC_541\Debug\Ultra.o
 .comment       0x0000006e       0x6f .\CortexM3\ARM_GCC_541\Debug\Beep.o
 .comment       0x0000006e       0x6f .\CortexM3\ARM_GCC_541\Debug\Drive.o
 .comment       0x0000006e       0x6f .\CortexM3\ARM_GCC_541\Debug\cyfitter_cfg.o
 .comment       0x0000006e       0x6f .\CortexM3\ARM_GCC_541\Debug\cymetadata.o
 .comment       0x0000006e       0x6f .\CortexM3\ARM_GCC_541\Debug\Cm3Start.o
 .comment       0x0000006e       0x6f .\CortexM3\ARM_GCC_541\Debug\ZumoBot.a(PWM.o)
 .comment       0x0000006e       0x6f .\CortexM3\ARM_GCC_541\Debug\ZumoBot.a(I2C.o)
 .comment       0x0000006e       0x6f .\CortexM3\ARM_GCC_541\Debug\ZumoBot.a(I2C_INT.o)
 .comment       0x0000006e       0x6f .\CortexM3\ARM_GCC_541\Debug\ZumoBot.a(I2C_PM.o)
 .comment       0x0000006e       0x6f .\CortexM3\ARM_GCC_541\Debug\ZumoBot.a(I2C_MASTER.o)